Ȝ        ?   6Wn٥W	?NvۘlW1b	@6ܡaF|G[BaA7CW+r]ɗ&)L$5Lwku0yDv>*her'63(yjַJHו/4Op7vj8谛w4}!p$tg<+Ȝ_CS&_te.3c
<Ex
㢨NC (ȷyb؈qNF0䣉o\~C	ؕu"|w5Aof"Vslk.﷒1zg0U0hGBŢ"1n'퉊y\j^d^+El|-BH{::.PI^x;9a3{3@3T>:zMî
k^&0#p?[/)fraJWgK{e~^B@   process1Ȝ        ?   	┲IK`ޚn-jlsp yٿ}A&wr~8I?:z=ΌqΕ ئ]Ps:a	rpQ
uhA27gv\-ߒJ`{UO(E`j0?Un[JuTv-p}2Lv#k5żH§㧻yWz0G]Z8#,ؚ5KL}\۶HGzgc&KM
BNOETDO|&UƏ+ME(|0L =9pg̺X՞â'İ4UM
Hjo8s
rN_%=UlЁ`aw3ϗ₵"A<!"54Xt;ݘ>UeWO4M!JLcw{=P'ѸT'W̓;*i$.Ok   process3Ȝ         @   P~bO^
XKl*u26C~뛦~PeO&Q{!(FiAP8e?Jf8JR
WC~=vhPJ %?nLb?(<r $7VԔ}Z&%R%yI3}n/XJdO !!G~iH>3hSe[<`pJ-uc9Laasxlqu9v«V&hI/6<c͜)wSb=X|lc~T>-~!9$=efE/b:5wʱ$JaRhdxE0'7]ƿcݺ{9(W1r	dFX;E^Rs|ʸ =x#!S`h!Txʝ	   process1Ȝ        ?   5~d6\pEgx8}5l؅Ww>i9g}mS=w4(a4U#A K5:~!˻TgUg[qu ,#3H
O)x	jBWg^hIuS 6s0&mL⠚+KR}Pa/yv1qK_>3y^p1N.&%X2T'P{nJ GM:kAGb^LKQڌЗyG&OFEbN,`a,`I:-$ׅxt&3**rBjOv{)wo!h:;˅⧣
	}`AŽQg~@yi	彸׆oKg9K5;J^ls*jrzqUL|A^|̎v
ł<+k_FSWGEWj   process2Ȝ         @   VMb/W޽}]&3z8ѻu(m`_k6zT98tT&N8&p״;"=TdeIR{̣,O4ᐉm\ܑK3)iQE(n1~fT/֯e0n@엛(`%kBG_>⬘NدE#5%4a?V3Xo,dN7}Ѻ,>O@vP0jQg}vugz9D_ A ҪĒ <[Q	dySF>`HpNre#:׌ $b&(^˨B1YFo&e6ZCQљ!]\ǅ̥T/jaL@/ f},;j#ºhiCI7v[Fnp$
?'s4fbs?Ҳ(pGY~aLI0+Nu"#VgF.\Ub(&cA_   process3Ȝ        @@   ̥}¯nx?J)ɒP*}ca87+n 303Ā  #XIP#:`!Q#QқVK+? 1$	O> L~s/RtI?ؖTm{0)>G98ϻg<KY""1o y	hKdl)ֿ;. W*PU.vǜ~qY
*xD+]f_c+j	x5Vh3uڢ`bþ*%x.7;\mO}K*rȵvN]^7dk#yj׸ID1^4yE%Rʹ5\% *	A4)\.a 6 )ŭ4jZ_A.UR'Lƞ @ZؕTTSCd㍅Ά$ \ )~AD/Λ[SײvCe   process1Ȝ        @   mFԤ2 3'5*ClOR>C{hi;k/kjtgM wf:*՞<+ɟY_yj~Wk[o	%4|tZV<c.{Ӭu,GxIwbf@OSL&ˢ|UQ:``%%{c~DeMYa?գ+)殣9g%#oPŨ| MYP|jV-IwF7hRH[aG޼ңDpe#[qv_#U5i/.	n2ZVi?{ p~h!?=[FG,JGџUR]\vBoƟ?Ex
QbGZ_#8:HRDRBkib?bR9jR0cE"Uw}du^mf   process1Ȝ        @@   NGmvz.KUEn9 \Q&tgH6!N h2OzJ t	/XKjW{Z],V4TYE*(<3	ɍ nOKN] L8RiAjP.KK]wNh`!<hGdzL6ջӮubL0 꾆52.Ͳ߬.JK%Ղy&W	[}D_܄NVstyFjYՆC1]{UTJpf#nPeegb^	ۣfWr?c\W<9!8?|1=:\Ly1USI`IbLO-MlC,p0f>7b\GJ<^/rP8֢rH×2a`b$W3(LVfʔ;Iu^W	/ۘ?%   process3Ȝ         @   _Hř9W@@-Cқ9iT:N'⿓%;ߩJ t]sJT~"m+8/7-4Fpwk:046B:-hp(gR@:ZՂZsS\+w*,deFvʑߗ	6W!"ŷup%]!%9UTx3_Y@QpRW$\W.+o w߬rpOUo!3} i/}DeqŢe)/=*m`Ex9#8eKP/R.-<:Ng<v{FEeQHd@]$B[n~t3kK R2i8 $!=`S({-Ya*ZE]rHހ#ƚFC	㴱GZKEQB"T1̀)   process2Ȝ   
     @   $E ]ar;OyBUnOMK (ܫ(cW?N@b
-ƏH+JH>B>$u/'_$G5w='S[Q\ђ9C@.$y7G۬]$-nK' )WZhd[[h`2:{,q08{sq4ny4/bPDY0 
\)@[pm-NT[Q9q7ocҺ:5hBk70MMy	m޷P(h[!7+U!^PSWPm4RCx۴Bb1H,R6Ip@"3BN~4Tolk߭Bh&˵i>uTnɧ]^5~J$8<zm(a/ɱi͓kTdFͪ2Ԯ!"=ul:8>]Z+v-/6   process1Ȝ        @   XOKs[!+cy	AH=_HB] <Gb|2N9X9HJ-YqX_2BW7 KYj-]ՙL*<"8ˇI+҅ea)4Mv9+ߌB:@F@a!BD뀶粚^aj3d+IOy>zwvXsDnNX<7FYt603GvGW3nTBq8D!n 0.{X#Ө?~Uq&{WՕȳG|
0A8f82W~*@F`]<˂crynܥ%u}?\P&\V= qԀ"u#NY[i5f`F~ɁҭD_^ @/!-#0ElŽ{Av~M{q'2o/BI\OEh{/Z8Wßa%!   process3Ȝ        @   q7J
%PE FJ	OqpEnוާ6xp:7Ih"Fk%IuEtQR˶|T;ˬhe<B3s}-'zd׽m5n)I~r~.bJ19I>(ӨZ z'p+*Vk'[eX&|&[;ܮ]. ce p:/)zwZ!CX7 M6'LRON4ϼ3t[&~#j9pE705J'hpNT{ͰmB:%HB07^u`ZJaO#H+)ށc^k;0;7Qe>ͦwaGjs\AORa3JS_=@k6-A֛a(Wt-	w3?H7(hѝg7F'Gda6W(   process1Ȝ        @   `0	K?fH5"|s
bdy:.H)x<#V9*F וQG1R/l;E3qV鷑qX7|Re.o5yF'F?JۘLI2% b\Pa%J
)vI!N?$Y(GkI'	;n{@zc`^Xwh6:Qge1mHUdS32?"ykYs4@4*dy75Wqjs,B[k]fTI~{T7heqҫCll/bd`h(MAerc/NȆJ+nF>~.y >[YюEZ%Ow)dn,^*W{}Ho8+r@`W'xK1kTDk
Zʂ;WdaG՚{/hmH'.   process1Ȝ   
     @    w4*yN5f)8r!@2M{p(DAPxFn!b#Mx[$#:.2(y ޙmVs$x|^J@ω?~"R'k|+(ՃmP٢Ү6I$Ez0:
%cRhP7]7	H0#?N%<He/:id6ҍZ."\ wsSI49}ݖ1h_X6}6T= t\[iOF&{\ጋ#GwްwؒTOHT!	@D[}2UPuG_2t`=҃pjV-)iB⛜T}O	.EB$/ܚݘѿ]f@yeZOԅ0daU+ZNtk'6Ĉi88 ۊU,R%1 }1]0$<	4%|   process3Ȝ        @@   W u.sp^ld-!X21'z5rCӹ[k)CWPLn*VFp2OZbJxqzW=ѓH6&P: -BI5,hzhS!Trv29Y4+(4fϵ9Tj]rq8r Fjy3Ӈk-8abKS[{YUۙc?elo;hS`d][XjR	+<|"S-l	VȲ:2e\dsˀl~ǖÀ@l:OgӗGzXAMJXRu;̽Q)p\Q(Nhؿjg9M.,pNV)VXZX!GU݂:D!9ՍەWKaѐC{yZ#5婃.KԴLsvA   process2Ȝ         A   ,,>s'E_"zm_iB\(#(e4'rE4oh&~Zab%?B֟Sưkĭ"%3ąw}i?pAC|VhǕ)'Kuaa CEFT:!-$9K.rUU?r~/-"<6oL &/C,52A;U+ߨ$'G;pQ%i#6#T=gBABȞ= `n}]ɩz
ӠRSq<KAE("$Տ}Α8aȪZ.OK۸ޫBi)!.N_[KgEfb

6Ywu[>K~ZP%k#s1}dG'd[wP!c^/ N#Mnߜy3n>C8h3|iK<xtv&3+2xaRX[px	}F]t0ϪSb0g   process1Ȝ        @   =$"yG֋ohduvcv%c$Amapr/2P(ΠciwZ@ε_!556bOsbg%n8CхݻX((P*~߭ǇկZ(דuQ px*?₠vҎDjl5?{+c{\´8W%gsPm;W{	H[IX-]j2kN8j>ߖ6jZ`խ*nwS/bѲclE$O:5PϿ_e#AYt 5}j!s~"XQ$:A{{ߧ~I⌇:uaRoyǠk9W_b)AWf5(_蒻=єv9
aȴ(/87y=ܯn:1s[
mrC.   process3Ȝ	        A   oZF:3$%˱~So>ns0!BXWYqPФȚЖOP9SVp1_n<ho=}Evn@AefWoY=I[o){2mbBb<}lT]|#5D'4d̅×Oh>*׊jh|LfFaa!ihmqŚ 9g0XױqCYU)[!s nYrPؿIO##R0Y]wWmC~|O 84lp5Bd[$Xh%@w9RD&nEuI.)Rk!<!0Ӟ(cG܎DR"ϺIvRTIw	 `ڄ'A[K U0a=$N*Qn+?B%(Pے"Z3($&!$V`8pXL4Lw:ΰ36҇[   process1Ȝ
         A   rb@8}8ȫҜbz|:ǿ4gb3yқ/p61$:X`ATg
'kr3;b*mz+D_RqߩK<+ƃ=t"YSLa*r&0s5ba$zHJ$,OҙFgy
@N,6o݋":)D j:zY6LhTϽ 
8=_i)_nY;FMvl{N?tBt%V)40^Ђ`w=07;E{@erCjP5 ߼^OυL,R44< SH\Hj\X^W̆XN:R&Z+9xޫ<E2@h}LÜcT:W&7s4A HMi.B_v.F{cjI=2!&   process1Ȝ        @   ^M3s8psK7Tdx?""a|m4iwN{X?-8AjPϸFǄx Z	BGt	ՠɷ-0Q6rU4, z梄uyj>,>iT-%3h+H타%]o}4a5!E*@ۻ0HhO?Qo%|跉nJQ®pw$B%:
w^A"xyf~Ktq╁>cE{cxk 1|jjw0fَ(y*۳ʲ"lރ	uaB#jN,7{[3v#e4-0sz^CP3}|W?i'g<Ml{8t5]_(&AQFg6dn@^#< q+g   process2Ȝ        @   sjvann\$ʰBU8\]&8_Uڶά׸ӋS
NgcCd6jD`o@ֳRfC<].; +(~GP(ce@t6-pAU
#3]<ix]%# [xbx',ʇZNof;`AG|Ӻ#t36F~Y˞=ѐHg-ѰwPr=MĀ=lGdޝ#o]b:pc"F:_i 97ut2-G N?!D92bFO̸%yr	bPqEa4L?z	̾mrbϴ? O#7heYZ8&o#:r9pS_
/хGa%y477B
'dx8c(q6OI]HHrw&   process3Ȝ        0A   (EUD˸dgo<nqx.<q*,^Hp}!ZH,}OlHW<M,L^H y	RK?D~:J}U'AD	0݋8C١
XOZ&\>9iq&ۈA\Ae X$MdEQ_t}15=d#OAIzjD ,[(f[PeI.D52",x45⹬:yƋ\V`H"5ޅ~	}^(Z}?444wf=nLr{2PGKc:)jąۚ셝(CL{{h*3o%hn8?_)ڂS) \<F6M/n[r  WKA&Љ%6ٝ W	q

>7!?I_IDRz]q09Ck{4   process1Ȝ         A   % b-Y)@Fooqa[mMLsľa"0U7x:n`)^sIg k>iG2FVw5<Ԃ>x들m)Ee6}_Xȹt:{ӡa
?0O?ɘѼ#|iδ
XCsbYjAm.=QOp}3pK7x֜Q?7uzO+o$dNY;۪<}T7n~w l~#E^ƶЄJL"\g$Ke&69*VH&҂Mru9<vU_6á$2܋I.]_ẏKA"5!A[2Xi	=D و2!BKWul8D/:xGOo1{ei@RgVG0TWL   process3Ȝ        @A   >%VDa"E#Z6zOFW5zN$ѦG7/HK=[݊kDVM%ǲP)s{E&[6b:j}fֹ(E_ &C<#\ڟE@cDپIjRh//+FzZ1KX@D&iZUHMŤnb0>GKSګW1$FW	`_a4kML1hp/v@i7qom6S3/T{bqcaWઁ`%!bM!`7|G H1mEQ.+;˅~jTA lqz8U
u=9r)aث.p@2Jgu;30gj@Nix\8i`n~f0xՁOό(O|ak2W@tq)Y8XԂ̨   process1Ȝ   
     @   Ki1:LA)K+9KF$u%U'ʓ<7]z,hQx.=۰)+];Tø!ܬhDWZU_9E7JZO%t9O0>*::o|vI m[.:xQF`-vۧ+m-7*h*>]IZ@$E7-QlXs*b3ߓQNQԜYP[N=}S odO΅Ʋ5;LbOtĨS(h'԰NZ
i@5If[* ?=) :w*٬8nT%웸'x}zٳX>/RF60M\Mt5Vx2VTy.RXG,TPàA51AU.Qb	o
S#;0AxlR/L8^UwJqxz+I}s&QB   process2Ȝ        PA   xǾk븡c3*I6AːD IE6TBwPQfjS2ufthHgslG<XaUf$n.sym$ĩj)cF8;,$S9(6GK`#ՆHtxe;Іk_:WOڶsR+*AvI,S/a>(~ΐ@f5ơCܒu"MH5"3>Ӓ̙L i::}6qM_Fҥpg,sQPgt KSUlYcieFX]}Wf EnݽQMuPOA'RZPVA,nr9 frX^':QP`zi&Ez7Zk>6oQ/, <f[ZGW fͥ'3! [~V_Ƕl   process1Ȝ	        A   f3pҿ;WD8˶5*?uFystLm+]IA3U65rzsltڴ!q	DsPq<4A$.2Dq_IUB\خI@ākZK:@=DːM=.4	}"|ܽjxIAvAGa#}^fD9`Z``jlndo'!-#nm2}%h𫈆K[ZAjrМN6׫Mh8p7%| hCg;Z -AV͑ Nv="*l;ӣP5йXޗT~O#1>Ӭh['%Gpcj$uNxZl1pJf K7,3[4j{R{0?{|%PMrKwd3w+aXv   process3Ȝ        `A    '[bzK9B&[HRRfk>7/N/Gfpl1/;f<ݺ9Hn ؍Z+y[_˕#}\=\+#R$:'Z~Bs$gW .i<i?hnD0\qY'WU;-8fsE;=vd]#Qѥ:/Y{)}@sIgtVwh8^cU	6JSJIc:|＾`]NtR6Ed=m,QqQW
xhK$YuҞo` nа:968nZ4!F|Bt(%*0)N	ѿsA4axg;0g~T,&)M7ÚiaQ}S |oZG8(4"g;/r&U-*ak_c9+?J*m>Vd}D7K   process1Ȝ        pA   K]=0viUBpP29@c[y#E7~s`J]/V0C0	C(Ŧ\%lTE]h}3.Ԁ'v$h[*ZXn򡁂5cG59ۭl>0Z'{~(oxQiUpd&1kT~e.OՁdd, 1ع_Qb;М\$w4jF0يj!_^i٤2%x|ndyH?T8"-\p-2xsi5SP-`yy7R3,0h:YrXl)L qT#y	GbSy͂W!r,};v/ɼ%XG5-'=XWn8A-Ab%`V*Mn5JZkiU)gUKeȒ">Is'1G   process1Ȝ        @   59/RNͩ{0\8;:C*G8!Np؀CL Xz2@6IxYJDͭ]LOt%C
~_t_8>[~N'"9転j8`nd$ү@p"J	YݛϖwꜽZsu 3UsyNTF7"i&0˞kKMQv{¿˱6n@M`4nҘӴ4k1):!3>)YϜv32iy/Ɠp77<(Xd,)IPC5X&C1,@Eӽ(ʙG%$GANEzeQ
}%Hb!׫-W8,{M3?fm= p7	41O2ys"=c9&R=˰+떖)<ɾe(ҡ=Y!aԾy`    process2Ȝ
         A   ȋoH2KvԤIqn\́;ּ+#~Ru Zͷkf4Z ]%ZwT=:4ǗPN&?xߢؘǈh1 $yo/˧Nuz`kAi7}B??{H6>`O̞Dq>״n2.YbPi.6+;I:H	]Wn(A]j_O,d86.8$%e"|5+[-4m;>p~jQJ'_}6!A/)YG|{ٶZM; ,>TVQySn#杍{e	KPUSBEpЃD1g%9/SF,UJr~`pbU}4vE:`z 5ʤфtRLm>~r˗cIKt~$tK&
dq:d5itL[4   process3Ȝ         A   qj_4'N" 4P{6
m{,qw@<e͗Y ""qw";gQ[^J&a:n1>@EqKWӗWXrxN7!h/SϝL2{Ew(B p'T/
.c{݊
/fGR	hɗʲ[R89'تV;{&pCU."d9 ?m\:t;bX_L$A\R8<F}`u0H|}ᐚnF3="s)>􃑺gRqB`6)?Ϋ5eH!NLbx:ϕCl⒲ET`֙-%	oMOEPlw=xEIpچy]lqbf|*귣Hj1F,$;T=L!3;#JЩ   process1Ȝ        0A   8X䄰12Pd.S*$1n/YMXaTcW*TBI[ٟ#b Iv~E4}@})i0Vp4p1A7NÀ5_;#ۂIDHW[Dgv)lEw~ʌLuVpW!G /:Xw;Y&vxUP's*6ꬩ{wsUH@+<KdekHtn.p)PLna L?7_g<a/SYr:
.<oS#@b@d3h/<btЍ?-CJF*n,(aT͹/YFp}ܝ Bc".yׯy%i>!!|3~-#UmIρ0{NHZ%svȻO=ӥtΪMb|d49{PC7^zQ9'p995U=3N   process3Ȝ   "     A   sح!7 W?*(K}F,DLñ\['|<QK@8LkOsExB MQʗr.(("K<::.6ZDgAa[U5\+`HX9Y)7G@#+nd</
Qp	Z4Ok\~z{
.Ҟ?M^m$K+%FFaOcooܚ+]F.Zd_gقZbWxY.]Ýc^Wx]6N^ѷc7c*Z0͝n>DR$e\rxB&CGН(懱.86x]0կ1C!:B?\#[ί4PεT-WߙƏrQBxƜ$V-UT)
㤕?*߫Om0$XL24M;=HF8:q{'/jB*Ps|[|F		1ucSH   process1Ȝ        @   U!\4]OMZ/9.UOFO0`_B y=8Se &Zpmu4\cݱ{,sxaˬmMvv`9K
<hU|&q
0kCMX0BMhR$S'e1%]e5@9N!vd1thcRPt`^ծJPR_NN8I5Z{MQG^dYG&5>B7 y3%xbw?,d.(9?6&yTG^*ɚEGf}W%){PrqR&5$Bgy; Ͽ	aўsmD:}TSU7X,~\
pGPJƅO|@}{]%*Z)^D*Zo: 89xnaΔ3됊bBIfj.v?wA!D@c   process2Ȝ        @A   A+wRow<(9jH΢/O̯u ;<: 4Č8sOZscqͭ`|@fonV~$8 <j2'٩0J>T!54l{V2o#0]wL1/CuZTGP"ZdWVQ1!l=r ݛOׇ#P	~'8gjXSǙR*`[)CN2ew`tnX[=O҈E5Sϟ%0	V6[ľ "qdq/ۛvo??z$q{2o/Ve9	N	A(a#c^8:Uas#Ky)-KխH!# `V`Lv*&YT?<iCIVRXW`pt\pF` 39ĳF
   process3Ȝ   $     A   6!6f6֌$TξdTb/gv7jd?6Jh a3:;̣5tSc)}֌1;=-I1#<kKF[Xן}1F+uFE!fr]/]9Fn]3ѥ'$x弜6=(yR8|skIM#XkGp?:'	ы@0	F]Xm7x^W#uϏF<y\Al8Bm5isۧv`rBԘ8xTc݀ucBΠ]8{=so?)UBKogFw%|dV
ib}$ʭ+l!|cVIVU鵮(
{	/zl` G"V-ȑɵJaI!8MI$I{cat}zG՗:j2G-nEϘ2B#|g)   process1Ȝ   &     A   x~c0P:>W,۵"gDh6.a+9trGYfPY	{eF"%V>Qv+䐟Q/0~\5`.r|G
)lVNHq6And5e9;CD'{w2t7D1Mxz@XPZ̀{91jW8\L1s#%k`l{<ڐVr_Uk2p=-qTʇP~zQ}̨n~zEkY>2Ľct"p#G (%0701Ϗzm@X{x¡7ЮyyПսCAb>$XzsH]p%h uK~PY"I `x\,'_\>E 9UҙQ=(Ew:ߩPsJ   process1Ȝ        PA   !uovD׾4yB~k7y>fxȆ8W&JAE$:2MPx~]x}*D'#BP$/ov&}/	yIl}z"kPKC.;3'PVNVALJ30nBxZ7rT<%P2B6MxKrw7c!D	A^:lӦ̡b1_n)gR=mϚWӸt'@#JoPK9\;,0Pԫ5B[ɟ7g2$;M,a"Fdݙ{FtX|/WqVftZ 2˾cWQIr#?@Eկ(129?'*6SlFrLe,AKX*gT:u5bƻB\#1\\4%_6~a)dx -N҄N6zkX   process3Ȝ         A   X/PM}D m2|J% 7V=[vt8wm
#1Kރ J<ꡥO}>f=^>y"2s 'N`[cL(B}=
Ҙ}|,0IO8'┶	5AVa!׹'coǡj`(9h|:g^G-[` ~Ztixu1R%ջ֋4r1yέ|TnWQ`"5y6pLIǽw %-:a!iq=+J2#>uf:[R=@fKZHղn/~9b萻:!s{n$K~
^2V{Cʫ9_4wQn{^KY\<r6IYE93j7>Hx)э	.",+$.-ϠL/"ȞzudndA	-vD%*.   process2Ȝ   (     A   $~Մ5ʣDAذ
n|23V{A᠉mt5`Zk&'լ'K}znڳ~&DwؙL!A?x[I@EM
_gHzhF$=ĖJ&u)7e]>]ϗarͱ/!>Ӗepeina&LaY]Pv0hU.dGsr^<SC
0Д~>-;f/ݱdR%6W>|!.ӧg vgp;(H6Wj#7˴E72ڮ\>rCmˉV>9.]FB_}_8n
E̷wBڭ.:|U1U>G
ia	|_hk]W)?S>FMY%EQߤ#+Xe˫70Ԏ,h0(;za+:yf?#"	/gt+Dr@%iXu   process1Ȝ   *     A   к7}I"M{:K:n?'Lzי?Wh?C/Xx~Q/`3f*⺵qh1(+\bRE
uOTZ]E'X׫'.8KLn m*g
)坤ލ>»)^@Q8K&[q2AݒIтS^X->*aXE P_Bw贎vvg̝U{.Km:w)Љ3(%?)'F]X5ַH)%$~Sf*DF]j1kptaŽTOf;xx%lm-|0<`khw^$觛 :oA_pr,G{Z f)CƀLh2/ITgH-Y_pHr-K1&J߮،ޯ Α1vԼZl؉_   process1Ȝ        `A   d0z-"H[	v)j儉-RCUg"o@6tD=Ύ@E^!VLe¹jee #UhEһүdC3=-ש N׸ċ0<Wv7KmONr|}`cuS8I:j^bY"ٝ0*mH_[X8:Rv۫6iԦjM(tW3sp8r^TƜHC?,I\qeGɧATgqr"oE7.ȁ8-g !{糩qB_Y$)SΫԶG͐ėB:?mr9K|>-%0WWKc'f=nM~{HѲfW|AU*NTAUSmtO(%K$뚙]mu"rwu   process3Ȝ   ,     A   x-Ok'T#; ̨-$zĔ8WV,tޞt7xy`aV_NK4u:Z-J~8ǟZN,DhVt#zDHh2( ' ,szwE՟\'?z5
9RzۢX!n8)p4&0aV_2azxL?m978orП68&Vu+$YgB\!yTq W.t0aϙ!AbMb"/g>c[øC/2K<pw1goDN\,|
x3hA3c^ץTvq5iCS~9"ȡi2Fo3#Vz#ʾu7`(0=ȋ#^)tD܋tH  i]QIM|uOPy%"Y:L_   process1Ȝ	        A   /,OFwgMB$xqںyb{nE~i3ݫrǢ쀐I[*A90놥D_,ÍNocgL}9yfeGPMNe-7Ѐ.ܟR!t/$829ٯQǇ:N8W-=+M
@;]-h+L
AP8R&rPI-퉗RnGxmޭ$Z8Nv	4Rj-(f+6wwjb-"wR?}~3Ҽr^J\8?7!B>a=l/T1}P=qBJvM
_WSXCoR.ˎ$5hIwɓ(d-Z WA&ُ2n<Bo/niA01ixC:$T86e!c%!3%̋ϊeɽO:ya@2꽅PBhqӖbjVHkB2׉}>;GG   process2Ȝ        pA   HN=݈}D7kCt*	7%BS	s1dشm*D#w!pl4nN4J!$os?Nyʏ{%}Dq4eO#C(zϡ$xNaj7sK4%I-sl\xy`b!nݍ0<S4Ia|qboE&^&;@y.Z7~ |פ.5N\7oQ0JvJ3~]&\eZ\=G^
!:IEZlN /ǥm9΄d8JOrX Vv5}71GrY{Bo!'E)!tfы(n!sB~[Ps"M_Wto21]Szk7Z22 hPU8Vsb8fQr*,jBh(?>2=X`Dp1u1 0 u/ S0g:j\FO`0{|qw   process3Ȝ   .     A   O!W`F/Oz9ʯ*P͹X_f4(̝4S_猄MٵLw-Fػ13?ч?0.uzmr_Fx&mNzd_?T?f۠	tfs% O7 -3"KW@2w H_3<fiah˿jRM.Gy3XwG=v ;HJMs/Hq@anBҫoj-R#rJPiˉ;L rmRd8Hg#:>50Xq8_8E,]]"Ֆ	7 7wOI0I9T1ŏXZ3c<ulJmd22.%?hdyckMz+C
WSHMx:S-N1+|Z1~" H0   process1Ȝ   0     A   Jxު=%H,H
IԭjCJ7a|(cLsDbX}	\@l3ׁ̝G("l |a .R,wH1^ XE r)DOX^#<Efx jcůkkTZW@	#w`wƝD"^ `g]Fqb<n/hBȌnoE3;0K6Zz:0`*sZ2|>Nn^+JX^2e3T~vGBQgV>Ih^"*A(W:Ғy8Cls(݀_FVmEˇ	>*c8[TS«Kƽ	 +
pn)Z>}1Kn=ڵg8`0c$دx<ޕ\`uNzKwML`KĂv:Wj~vfoiZ}F]t?;PW41I!   process1Ȝ         A   4O*9Y-nTpRS	z%W^\piNo4 prɥ6(2O拮-5&iTĎs® wdIRj;í}9y>r;AiyŴܴqlJV7zZ/>':]0c^e!ywݣtw
'9VKf4iYI:~<iHu7\7O	eRQBX5@gJcڲODaXթI^$E1MӦ2dzzcLq'!rt2gP$`B,c?ԼPџFB/aгn!W̙QjGdk˓L+'-9m(iw6DL	=`vaW{(a>.1v	ur7ˍأ[~@A!P&)`u6_,5'ס   process3Ȝ
         A   (a!oX45|*^H[Lhgt_T[ qv6A!M-G!SC$ɄQ{N^Oct90dLpv {$:b(R~.D>dW}Yp!Ư0s,gV:A*<WhWEy1L^n遜;'yű|u2Q}O ̚,P$ؐ88D8]7rk*{\/sQ>xjYkA8^-/CcO!D5SLy@R [܁h4P[tweULq/-C[;>\9`;J
g]Zcx"yFmߑ˨_v$]#i	 l˒T(Ȱ@QUmtXVpBf:[qG9@\t@o^INP,*޹5   process2Ȝ   2     A   TblcӧlHyV qJ%,bd񹔚;a%9HNNI*-͋R،rZ"=}Yە ,-ު̆bKƇ{WM]^A쇢p`wU˻Q<KgO]~#e_L/S	!bI{mdSʿXQ}.}6dplL0c|FW=DmyTqT&r.⦓S Y?o-bgJ:aR6-7BW0ԙ^8]o˜
W<ٓgр":,>h@/Bt73W~y +/cZMVfJlF@`SjGM//'x@f."W89;Rq 5qDOO>z§(:ԑ:FWjQt
(i0!FO8n   process1Ȝ   "     A   e
2Z	_e
g-mFSIL@x6h0?W㤗:: h
"2`T4Xzʙ:pB/Y֚ {d,xʥVQ {w0.xkŶ~f 0 b/pG c!bOo\:DIo2яU
y91N!:eA- ЯЛJtt:4*
;$VdRlX6!s>޼[~BFy/\H\n?p$*%[')P#E=cxɚ/ 
ܱlΑsINEB)1[9P$ܤ~r\Fm^I	.L[NreOXf:/򕦀2FRdݠdZҼPtkT%&פ
쨱˶<,pn}   process3Ȝ   4     A   ]p `c:OY~O
4o
+ $L{QZaww1Y˚z]}x)#Ɂq,O.0sWF(ȏt2@@a㠡szшy2FƓ<W^CVHfAU4yt'c/Z=hjL-a	L8a}/Eh'cXlI69S-&-96CM2:X̽\ӽ{$/^O#mDIPr#ߧu0SllȈ;WHć։^44:)v+ͭmYz੉<s}3wn.-AqB!S\,Ƅ{.jؤh=zD
J]z0*!rp'yL&B'3a	Ez)&͓k.Ge~?(SlKd̨_YztݪN|aܜ4\@CU:   process1Ȝ   $     A   ag(UX	F#5wKq?IrPH*o"9_3o
Wu+cH$bs,e8MN8X4/>,FJiϠsC%emfK!_V,*hǧ$G үI@|vprb*1 x	Rҗ>j'u]un`(R	_ԆInXUa<p,ƭ]k@hF-cG~+.8Xqפn5ęR.J3z{儉b24~P,4Po6Wh: FY!K]Mm.CŁ/ rt=J뜦L9(wr3POjz`0ܻi~'uhTCtHk'VͶ5Ž_۰/T	J%M">k4^@bc;8ROc?pgZ.VvIoE0BVBj<I%
   process3Ȝ   6     A   ͦBԈfRh2 >gI^۸\U	uhCh	X69{+L}T0[bV,St0-"L߻$&7Z!brD!o6פ؋vߔNФ@VH_b?;^tqP|.!&xAz;>SC\ `?
aC 	{N(O%x72wSnGjRZnŻnz
.ϯkb%dޙO{aKC/q-+zS:aYtszPe[׀RE#WSj10P 9*%剕B(לU/u*(uoKfX ueVȽay`Rw_4"#K(Ն~?x,"J Xe   process1Ȝ        0A   z-eAߝw}❂9s+_
#Hm5Px:;+W q36y?y&Sf?#8_hvLY#x_M[	N%~./5%u,U7x6ZT̽\8R*H1Zx:c0;&1H5
B2V PS&M5;G׃<V9{gm烊f{2\¥=8	XWMLJSל@-Z|>_>U68rB3p,IUM+\R(jC>R}441Ƿf%ClRvD%º`Eik]P۽}hmvq*#]/{?4d"_EoE#dX
Je{sJfS8߉Y;%+޹4d;	7팯#   process2Ȝ   8     A   _'#1CGL5LQ+oR&q=yǰ*P>XsڔV^[/gV4RbLiԅJЧA:buQ!5Q}&K \=)+f2 )._	S\ζWΨK(W'VY3C;9mJErI\[6Nc#_B U	t{|*OCmz;D	YVTQXmr8"U(s[ 5-1*@{+SAι֤U,SY2~}_"}9Trm[UE$cl#gHgtA+_ |uʛ~@m4XQq&+%UZF6`桤-JL}eUtm)/䯵oE: X՟h1O2 q7Zg+   process1Ȝ   &     A   yr}#z´]]@ԁ7-E'q_z)9ِHv#+]|Ƨ@+	/qiU-	~5pV-cKSl1{p95p8w,v=ts]x`6Vt>lA%ڵu哜:`=S㖚YaV<\V̲&|[ßĲ%+:I Pohɛjok%+}]c58}
]@9zK>:2<	]M*cdN|}e?I"Lp-fyu{c8%jJ^H!NemQ	&~ǡ nm$S\v飪?t<ks4%a7ZU4eyt6xEQAauu+ُٳTN[l{(Ҧ\?I+~9Abbqfs   process3Ȝ   :     A   ?&2ѹ} ?SlTȽ+u:"#xH,P	qlpfN,[a16m9L(b{ͯ`Vx48	%~{8}] Dqd6ZRߌL<eJXǴPrG7ɳ;١FDUƂ=:q؜sl#W<͊:"J\onmt/hߎQ&_FoG)7ߋΟFJCy;p,Ƃtä^d]px瀍qe)٤y{#D#ct ]Z.;e.,r2ɯmEG%*rh_(lֵ߯GʤOF-96 :C}5sCbYil~U#.,}`OMR+FRA=le]06dk?oPqLbR1Oߣ44	GGP}vmye* |Υ:ӫ '<5   process1Ȝ        @A   V \hraZd-HK-Wi|yw|'1) f'`' HV:*sRKl%M|xI[[qFm)4.Xn0vow@SsӒ4fg	.po=h;T?M-$A15/3ANnRzv.Md4Y,:/U5vt0kW֫/Чr'RU8(FauJͳv+<EzvL(agUݝCIr}* %*<=]f?]+1,"5̑(s83_K1<"z+}cF}Ǩáx˲y}.jpޥtV'|a3@s+ma&k)Em߶.W&ѝzT!˙qT/(p@1yH~(L*0   process2Ȝ   (     A   7},]?c0C.q,Gauh\c3	ߌݶOW	3P!]jh,m_)<veln23r%K@a	/*fAp]q1ɴѕi'6|Nݡb=USDN`Z֤‍o;X!@X?uϬEt!P@7%QvAz8*veDk]ݰʷxjb,fQFi/f/EPO@iVsz?VYE'Vgy-+{7T\d̉qt)Oi>@h¹+q
\*¡hluh?Sy9XP`:s""cI?lB&QP OnyocL<]LDmٖ'S֦1' WT#( 01vjVfސ;YV{/J|ّ[ߊ
fJ<ZH:ǋ`   process3Ȝ   <     A   *c.bLd2!k+cu_@=k0BIQo߯Go.k7΀|`)jڜ@/.pq0.")	(	΍8V֯tYq)}P,P̭^ޱm==X/\B$*'z@;Ol!QH C@u<Ζ;A*j*ql_wwrqqٍhkʗp]̘4|0eZ0rq(Z.vL-U5%dn|u꫁/)P"}O|l+^s*2ftYj)~cc'qV/Z/b"ڕ/0#.93 z箻C<u
`bQ5m|]䓴,'a*CNGe0vǡFd*3-,̯H ǿuhBҚUbB55xJ{9-6Y~PcE7(iS/(җ5   process1Ȝ   >     A   kQ̜ECDEZ@
%= 8VHc=NikqZc]~W="yZ&gVo&|?P](Dtv3vBbQT<gsuN}`ڊMtXܓn Zf)*aHm4o/;ݦ9C4˳Us)DzFGm]`19ޝ|Tb-lKW9C[-cI-iMn"#u'&nF$#%BԗoFBV
D-@mսWe'gHc@+H\l+#u\SF^hE5nQM!߀
K;
sgqD:qѱ֑cZ*&IvIΕ(U 2)NUxCD/ʫ06q't1l	<,P&.Hص.qnvI-ƢEb`LAd)u;e6   process1Ȝ        PA   LHiS|⇜9vNWⴟ 2uSL]FHqlh߫
lwslIy+g[7YXx8 &o^/#xL):E.p,Ӳ&wăj0^7SGBvԵD ^7*e`x[TmiD!MҺgrP&1#$H
˲03.Z{MJ_\P]I+֎m8	NUzNBeٶ=Ou޸ӿ\Drd~ܻOXd&Xk"mߊJV3
&hDŌhx LgOA|*N6m
OyZ1w7^9@[>C!Þ(sX_&C
_ !.XӃGV$$OowfFL	(x 8CaYHJe.   process2Ȝ    @      B   bZVږD^=#ؗ?R%M ?jLsਓ~ٲ 'tV43k4nh¹[ph4&G[,<C6JF',l$X-|+
77r^B54t#	K /f Def0	Q-M2RoGp:\O	6<A.Ca{2pI䑂r&dzͭN^Ѥ'Q]@b/ B;
>֘x76W7eR}?k%AQD o;nOXm@ukؤYO[B2s>܁N+9~U {V#vje`;Vg}R j8p+`MH-V,},%rǓL&/U:Gr&)   process1Ȝ   *     A   + LxDd(8
3)yr3I%F3I
FB&eR\9;puY!_7zLGIP>lZ =DxÝNLh@!oFK6Fl |+>g&aBn>[HbO)֏mާj`yW>OuC}qo-d]8<ߔđ<bZ&Qnmb(K\ehji@Yzdnu	cR (rMl<%(PiAyGg4H}p3Etq&+b]ϋ$!V#|sb*_M+Yx۫sȇz^Fm>N_a壮½+Dq"kN3AueH%XKc(^ۍAi&j!<!*ȞԖWv$@ҟnO 1UfB&B:!Q47ʮu
   process3Ȝ!   B     B   D?TaV^*̸17Sz`ڬO	&jU9/F=tI>6{W;j"]DQ-
)Qk;G
η 
PGiu(is(Nk+$V`ҥRbt\nء+0#(ˎCAmc\rdnukd>Jb~Lۻcj֨5NPg$[/VW+9z+!~NG|2E}\%4nv='S}!/pgnt#cB;`1Fnh"Қ[`!N1:dw!=D8;JT-¥~jqŊ}ي>Ū(R[mlLȸ"nE!)Na5$hz}XqC.WR`
(gDs&'m'  _9ޫ   process1Ȝ        `A   Հ	(Uj5 :}Wإ&8!5CԔA*%7.J=Nm%h;rtiS/Q0p#ݥق#y7D9eND 9qn˱qdO/5ˁV+kQY86ET
sW
[H~3,?S$	#E;$(%:rF?aBb[5ɓg%$۰jfkE{S͕ױc,3J,e[*խa@fY^lKx뗾3jqT+O[9m_q4/QW.Jg0Rcqs\uiǦy$O(FƉl]vsHVdf:I}wF1LAu:jz)4I	꿾8&(Jsbde3CB60̏qM\7BBi6gM    process2Ȝ"   D     B   zfGģkZV]*H9azfnVSI[N@&rxUօ.l4HC5֍	TМzMagK׼MO7
PWvH ,)Y׮ƅ[2tXi`˦pqhZlV~Qԗ©*lH%I9וuxvO!eO*l?9#]pDK4Ʌ)4:%EkI[HUÕw[ˍ=G؏l
J/ijLn&.~d)|5Gk Ez]aH鬓vpo݂ҲRa B>sH`a).DլH2wNq/% GҦto9e92꒴	P[tͮ'uSh:⃨8EJ8b>Dqpyˬ-qps<R<><~   process1Ȝ   ,     A   Z'68&xX_5sJ~Jq:\_;K:Mi,~t8W=:7A3б0w,3U:M\dZ&|sQ,t;$ܐo]$W88Ci{/Ţ.T~U}KT*!g{yqpLnv$=WT!$Y`2F;J/zw@>byZlʘ	xCKVfqύ+{Ъ2(>Fc?OM:ZӬԳ#eG0AN:u;)Ĭ5)61͛+`0^ e(qj<)	~	=nݹ{EۜP~G0da7#jCjl351@gKu` ^4!,X*37rL+QHx2Zc\ՀSq?[N	y
 JjB'ѽ-h3QEcȻ@z   process3Ȝ   .     A   ؔJT&~_B&JBvY&CV0(n<Acit#Xnq6KmeBΗ&}'VN$o6[#*zd5jUqkʧo>)߫$@Xӿ3}zR>?pU
3V&pƴZ
愎zFfYDzS
Jk}:A˩ݦ	& 6eCܛ쉉'<J9)U r}jxgsa~"06F@nK)\j()Ǿ(N(r{[aR.{|bʩ{IfK7ki|qZKm?&08z쬠Xtx]cݣ6NyYRdGm	~S&Impv5V~:6vx@kUZiF|B@`C1Twn[U:ھTJh%ñ~    process3Ȝ#   F     B   N3 aN.X.fHvV|`/O>:j4e	1<Yc(Hm2EoW0 +SAd#Z3BYxA.ax1 ; 4*x)ၖwEMB.U|[Rd{hI'qOswKHhuRYCre2]vRXܬn'7-V"ﴈ e?i](ŎB; ex\HJ-}6"q|3W|W3fb6R
hGdنƔv(`fC  Ef9t*;#4+58o`]5J}Z=*%K@GT,e:Bհx%<hN4%r:-`]}ש*Y*v2M4jO_BDbb]Pޔmp$L+jg פ   process1Ȝ$   H     B   bm笧b}csԃ4M"DzZoD*.3ԷtwYdRk]N[1/vn>>5=/:UOw=wjf=@:Yt$g2LyTjt

50vM6MB!S
C:PÃO|'OY^7g`h~-K՞9Jazni 3¥3ayNZGqac摜|6q̘_XO|Enݕ|Ҏv@qY8QfgQnG.go8B*ςJ5XXJr&aOX(b&m;K8ǲ 
7Kr:YjLs~cMHQ+>5$,86'v$#VKLC˶jJimP^kP[ʋQƱ^w!L\   process1Ȝ        pA   Ҫo0?vg.*b(
Oy"<ICo$[Ny3V=.=?_	BKud^gܢiPH_J5o{`'0Q41*0,:kDdh,:Ӿ}l'Z@fOsLB}._k ڝB=wy2WQy(q\d<3đߛͰ3ZՇ5|̗EoA"LY)ypQV9yK]m"(*龋*R@Kzc &4nk|Lr6ʲZc<(3""|-Ͷ2NJVVCl,׻E|tQPVow8TG]"bd78wd"Tt"%گ!O,l4+@P#bA\9x+<q~.U`Hpk   process2Ȝ   0     A   >HvC\6"qmdɢ2.$V'9q|zGS>1ϼ:0!(m]ٝ{0fXɿM K"ּ#sUlymK5({//RʇqXpIcHfuΦcYi
!NP%<q_;n+AI*@3]-ݣ}UU۱Gv@֦^2_8oB:t0޴W9"ikw#/Mg_lМG7/"(7UXp|b+X\wwi9N{cK<)%tʔ42֕c勤sS-xc=GܵVPmDcvOv6U& 
a)nЪOsF杷+}	p7~63- A3/ܬtx^rƟ#6x+Pb   process3Ȝ%   J     B   THrS{)C2c޽ͫcu7/P$dc*縨5,<%3v!_Is9&F襼rĐS\5W`ODCK:F9mYJAx3T/z`f:KI`rW<5CʥvTmB^C1i4-"pgu4{	ldp(Wml1,>t
t$o&ǅӊ<
/vfdeTPv	ZbTRSi|!s/<WK|DAiDU'μmr4-v׀huz5Ҩu'O1U1U<x&19]BLA_7ZvFbKi*eW[| [&-65UMڻ>Y mpV\k99ShF UHŉs(5/oA@o 
}?(   process1Ȝ   2     A   
f{R!bq2[;*^l<q; tRTq>DM":e.=q?M`^^ءiiyÎ?`GOmbHh
c2zg)敿 D?dufsn-T<s/8`D oѐh/(bxsۮ3%L!K ;3p==>G@3{j>:jF^T ҇	DhZ"jdDo.-3f-G)q8To1_)ᰵJyESZ-_F<;.{XCvñ>+8 |54M'- : 6f@GE9LՓcΣFk}$Vm++i FG;k:\1eÌìFϡX`9]X嫝9?5'^JcISH   process3Ȝ         A   V{쩔	E	^Keqe9 q>Ej0D87$9ԇl3~B]c|KK=Du
 vQIK麮zRF$i/#:-~/^mZG@hp:D+Q_]1DZG43)Dlxy}ɥPI]#z	XO'|s[(onHXFvFx	A[,Gl^tVT1 A+\Z>*YmaScq$^!.+I	l 
;p`AH|kS	aow̶,s½ǮhvٛæS)C0;X:NzKbDWANSoGR_B9Q-I7焿ALj=nIF+Z[7"xip9:n&lWQ m7*w+X   process2Ȝ&   L     B   "b"P+@<a^A^+O7g{25 p%$ɥ+ZJdkJ\4L'&cUEV'[OT5tD:H)۵+@d(eF8 vtOVܯ)'K<8zWYy3RlM$RS׀p$֟z=H(`t:O;HEk |pjMyfߕJ{NZ<[8H:>Hf lz@!*a/9?hH̭4Q<CjttdyZ2Wz/4>6!]Y1;ʉ*>I!-CO0`+[@;84bJc!@_EBUg{I_򥖥`rYc|[Ox.OUZ~ls   process1Ȝ'   N     B   uَmYH"  .ӬJl<e
>YSԏn,_^aJ˙`6=+sM%̉l*O%jzC$XCNNz҃g7!#9٫2u}oKQMk'gɖط١SH2S̩Y`w䎌B*hJh +gl 7iV=UFtThr(3B\yFɠUWx]FQzGY1xȯש"t}:Qr넼 G|k'Ȏ<Z1ƙg{U&~;taF5xCA4z
u+]9Ih/!-?ӚnkJ%!SKknی*2XC׼Ș0r{1}&/bw!r*3AXnnx,.a%0׀ςkﲋsW'-Z^=5"w)-Ąi͘   process1Ȝ(   P      B   }֮qJO#҃EK1FyE˨RG	{Oz9.H{oQ~3rp?l]xD+Sc0(QVP zY8H;ymh:,}(s~|gpyA Gz6mTDٝTht!訙uI<-z8<Ub(Ar/;>q0#OwSy aK+w)f?G{rI311߲ǅtn-Nq.V9b!"Q66׽s/[>V,[$IAk+\E\UIa&usta&`;@9M8/J,+_\ o])N@?NCpW@δ?]`i'b,uvFW`A085k֏~_iE=A!)K\!cUd6IH.:$H[   process1Ȝ   4     A   Z0=jw8cCg[k6UzvuˣR.3}	fl[D]^֓% Q<MG1AOR|;ٝxa; Gp`Yf,ls?U<J7C9QGm1ŕIHFʄq![jɃɣ% @b@.yMxMlZc}Zq?vȞy$)hN{390C$U%[_¹ށF 9x\.E?	HPjZ  Med9J֋~`пMl$;ySK+T /29X\n>)x3_k_i`XbdS4Siƀ??Ҡ-@8[\)(Ծ
AA8JӴ^x˰bi񫶫OS|6`PXJRfGx0TvY×W   process3Ȝ   "     A   2|Dvӗw=<Kڜb]cyc%#;uu_',M}XW.:akcD^&ߒLo 9tg1x1e#nwyxjǆ7j<3ڏH{R 4+5<u/b섭n"x vATLXUAO@]1K}m7Fґ DQǶA*@Yaeh+L[:$+O8R5 PwL5rgifė)ŵ2-6g	|T<ǩ )&%FihEhfBz=iXXn`MKʮni9Jޱ^֭"fv4Ň( "
@bIH%Ztpk	:aěTq.3Fނ˂gðJVѦSW08e8opzdL>}#f]
&T /aY@HQ>f>ϕ;Ec]ǉyaoY7   process2Ȝ)   R     $B   Wj@~w:}]sQS!J5̩e[4{VU@~e8E ;,-~}GLJn}IMRUqG׵iٙ>O] K3-vEEN@It{=Elv%H`i{*Dh\Z}30RWm5\b)j@z+B%PGWn;⮃2'J_9xaZl/
:A%)	CRʉD  2b<j{v? %Xֺ갹N}Ъ{.%:(%Z.I2}WqzD0IzUݥdu+\i$L413gP)Ӊ G +<X|#0LBYigz6/Q_o$: J@4Gg   process1Ȝ   6     A   fm{)`ZE*GtFƙ	FGV&H(^ꚊǨ0-uXG	(r4B^?;X^7vaSc=IhBo/\>pdSfFΕ7p6["/qP~9! eh8oT_$XSz>74Ϡ<uuT/H%Tǔ^`d	b9-|phi<>opN\rY'q}g|`\YƲWJ3
$(4
HcSrNw9Cp)#뚽z;Vaau.R[/KQjQn[=F+tՐ'Z%qCiĕ3Lf>F?7O{`&g/04萕J U_%p Pl˶	iml,XZ`#o@rW	RO%Xc9Ywx.ifQ   process3Ȝ*   T     (B   `d&QəHudciuP'\	^NnGpsj7>FUxt^rPB9,/dO-hZᎫf?c #L,&ǥJʬǰhߨ/j;N"\
,#<A@\5;ȷ\^Gq̍tUFw+n ,~DsAc4ENXphOr`ᅬE 
R	BB弳U)/OH^,rAb'JͮVH!DEkxqFq~"v">P^ɩܨe*C_&_Rpm#?¤U^J&iң,	z.(33+;a Hi`_vMZi&w(tWdj:pcd\ǈPsfnxiDmd3HťϾEPʉ9Lsf\޻='   process1Ȝ   $     A   ]ȻYWޟI#Vr2ׁmVR\%3vDmZ,jeyTH<8["ugm>M^$Y)ÕAM*b$:5CY(+C
a.׆+g;ov0wg(7
CwOG:|'lm2AvR`t|oqU+)71>/ߴ[A|dc+Tn>"4oJ\_醙m&JR^YOA#x~AeyI0_a8ZBF^8w\dANy0!-`XV}9=[oX#:cQWa}2sq*zfhqIWA!C[˯ff{9̗?J5
9S.]x (5M@jR:*   process2Ȝ+   V     ,B   Jrihe(|wSpkW8lkY`+6*[:1EI.lp߷{?Ѭy)vR\@pOT.r# py`eglP`pOLhBf08b{uRBWVO6L}nWEgXklI<?r=ĘvNG.)z&)DWJsgP'29)vzg1ⳅ "t)'5oVO~J+"!6ʒK7QҞtħ%歋(s"V]V3+'s}~#T.	+qEr<EuK-zsZ5V!9oz[Qf	2j׵*OtҎ]MI]#<}ZD	꽎jsEPs?:]3-Ìkm8Mq\(3MIF   process1Ȝ   8     A   > +fZ#]Wٌm!=>ᛊpQ{#鱄`|=j1 ˈ#M]ڻ9K,087&7""=mI}.&|$sk?v[^L18هL
^r&Ԣ)ZxXǈ{W9ʾfǨ6ڑo!zf2ȘyR**ѣvDtP-he3̹=xg`J^mE (a}vSg8wh>!gMLmEGz3_׮9i>NP)#;<~dscu4)|];=1KWa`F3bM>AE9C1?@$4lh]! \ܽJj:-H"Y;&6^>&=<PSnbz7g"L/"Po ;8   process3Ȝ,   X     0B   6t)m٘&2iT=?!Cf!n/~/kH;࣠(xSu4:O~Tc"]\~hS%Q$гcGY	!9֎k krY#<<;j3jh 6MҋiOd~Y nL*C76Dʤƛs;4(.D6mͽQ-ʾȓ/,9K#~Kf1fV[J[Mv/6^TL)f#Myyl%&ҙ5ợKϊr3w'`m+0ȸC<s[Gk*:NA_?y~DЯ7G* ɝ5uJz7V,aJO;LCXvڌI$NC4'hFg΁a\Rl.3+%. \!umN   process1Ȝ   :     A   2m>E-r˃jZ:9IU*s5uRL=Zրa/r'0{Aoէ^w]@),	c*Hd#ŭXltTvJ}6}uqoIx2vdJC}%9<:_CEY'f&%O(Y"O-	\O &;zmC`
CՋg[5KH<O_L,|xl-!u-Dͺ*Hx^hOkWx(ޠ{I֚x7[%_Ƒj-QLczALJ):"jEoEt	9$4Gv<P>Mt%$?|ƌ$[l~]iN; .MT	} Nn7YckO:^?([VB   process3Ȝ-   Z     4B   <qLά[&fRiܖȻkK{vU4JU͋7LvI3
IڬX RW WH:-+.@<XHw66NAᲔ*n3N_h1^Ƈ^dR:,s
VxF:rx{yXsgNpԐA.O".yT+c[)XhQn1ͧrQyلh&<߸/].wɅBm~^yޔpJv{dec+q5Cl݀hWt-zKya׵O|:T}ֳoꌷжݛUөRe1
e,y[FZzCǁíO.?%+hz;!sΨR'+
jDd%cm_7e tC]OWb#F0Z:^   process1Ȝ   &     A   ԶY?]QDve#SlE}wPm%54WKshhO%
}PT6}/98EZ]"_W*/QU 2]TDQv_e3x=lW|_ŸQR$h|(yeۊ9|ԓ%,#gu}}@#Կ2eD*Ɲ
f;R$Z½c7o`opi~aDy)^LcRA]/5#4tihT#v`#Dr莿\O,WWJX?勤VX3kXz	`8}Tsw<+0;#U*7z9rO0M6]׵XCyoG6E@,dMHXBWF!X<oTz7Ѫ_||ֹE+<D)WL>ey8ȩπc&={`B^QRkǥk0{+`yC|?HC   process2Ȝ.   \     8B   W5rViDW+F}[SgNԾu+zћm`Vs_VRe/,B`-A~wfҠwf&@S_A-Kry!L~h:3P6Upi^|B8%DGX)~1]]JƼC`e>zk+/aog,Mkp,뎬$rsR	Jr/5`"8&~ U;pEAm
8%߁]ȠJmsӺ㏺\$*?M09C9;oxs15CAy4E?lت|^NF!w4+Sσms%[uus[9-|" WI߼045r|2y>Jm[Эzضni/<tcyNS 'fW;Gѥh"WN,5$J@R_FSM   process1Ȝ   <     A   RF$<Uc6`WFzr3f-&,1+6'O}vz|O#` fBXR>hXX0Z5|+QؿZ",ܽbi"pyI]#w( s\/ՂEN1hy0	.{Y{'AN7tx$G>O7é}QɥQ^{Z-mRF-TPciKn%MM&O(f*BM<d=_~H:ϙ٩Ybuc63ɑlpf`e|xz^YO*#(#Owa Y"NyI[zq.WA]^V_. 7W.HC2B	QԡH$]!;S9q=|ќUB%C堞%}2<.&LrQTNG*PhY.D!Q2)uJV[*9iCm=<ˢSgoE   process3Ȝ/   ^     <B   g䌰}]%d趻莄o`>Cu^1!fiDIZpz)%I˻)O$;QPY/;2c-O(dT9F?U޵Y@i0`g'gяo]J 1&uJvl׆3Tm	ոqy1L,?hjq	;xRhv.HfzZV``ԅb,0,=h#
ZE+(mw}6[ӻ:wZsd\pVЅix~1cr@c<r$i8N<ooyoMR~eLwAo/ܿͫRw0c?N?tg!Z"[{GsςZ!gv%`q[9XE
eŃ(2Reo#v,* LTy,c()dxy"*S#   process1Ȝ   >     A   klݺ¦;?l1C^P/7W"n$-,bq[]_'/8 z-R=p88_Gebh{Jt@ ?*$DN
-X|XY(&ϢWϴw֗T	Zо%4\dswxL[39HDJ L_SwN&IfzeyՋOF JRg*&psz>:)W>Ke"YC@ћЄuO2 z!8VXڈO߳,P780$N2O] *BN|b(qKN^"݅\9B&$/f{jDmmzuA*۹&&Ì%̙ҦGUVKֵ0)	;Wzy<oT<uҴf~_I%,dll)UwE4i<`6ET#yٷ`3_C/Z+?   process3Ȝ0   `     @B   e7`\@#w8*I[EOiy"<c)-55VQ4{Fωzmz)EZ"<PCg]!ֻiBiE^lBKY5iBշ5kK֠u]cfuzD~UmHKk CxzC;fWI_fDUa<h482aL)Kg'h5 ^iKT]S>Crd>53(/"0L!$=2;j{*r3`B1,
?XzzּOpl߃Nt̼TYk耊',u)NXh&rJ&iO:Tڭ^ MQl|noIiw(, ӑ'TpؿzϨ,D?.23A'_<F L.
ɸFpūgQy{G   process1Ȝ   (     A   [o>4B&CeVQ6:+`-MF?,_wz:4f0WC;C2zJqSR4Yd4,@Et-.^ꐫ:N
X3uD\Q%RR,Nz>!JuƩĵ%!N(2~_6ҭ0I&Ov@
c[=GNhm=\+|Ӵ2L.b%֛#
e*Fb%riopݙN٭0Yh;OPjw{&Hgɤ52-&X/0GtLP٠I31@jM3Vhe^r?؋\]?S):ϩMqJx;"q
?y^o1MrSW%:}ܮ!atu1*R67w`JX{l[؛9߃=MyCj   process2Ȝ    @      B   x6]LY*_,,$^`	*h!!*'[?;#uΧC^WOtXx\4/(0	V	$?mȽP巢|wm^x<uɜ"st{Im)ݨdStmSj=/V-_tz	
AkU靥ٻ1
C)#33ޜdsNb?TgMQ!C?>)<X!S Z5 $xN_my~]'NJx4\A`Gmpj\n߽rWMia>:/t Z}nӂ`C~C_@ٵl]5Dz0"$-L@_R,%LKHf#VyDPG]{895;ˇ)ExI-~ka[Z8?,>Y,$E
lz=   process3Ȝ1   b     DB   ̉ؕ~rv ŻĩXY M!Y5"Í_N!dkdÆ(#TX{-`lˑg{
cq h>FCZ6lR#z[ϏQ;.oƃ*B5qG:YY&cwJ> wסɠ+G6`/';%vrPK6YYǏ!H	dD+kn;ͨ  Mz,41L+i8zkA׀ÛqO'z'R:&Ofޤh稬[|Wۂk2	%w43@>!CC*Oڱ@|uV[^n
8` A!ͅ9,K9^zNf1Uҁ\q\sb(		'D}柒: [iwPR
9~]5C{>\mk^Ћ*X+&I$   process1Ȝ2   d     HB   u=$wh*XX-W0B*mxoXqk=XS˂!NRA}%xYXwjkܕi2H["sĕH~	xUʫd
*$(_ޕ8YқOj/d/3?'NSd@iU'U	\3"?nLD9k@Q!?'͢w*pdf08p{& ӳb`r<X$W%I1*ٽX}+װ?׆cqgֱ>hԒsQ/N~3s_U!	?anwLky1+ZkY9bk?ݨ~l"6oyR,:z:onijɠ2ݙ~$pܷ;;;wtébІ	k74?a1x8IrͲ(ˮj&7#nE'+3ّC
p. 0Wzsn   process1Ȝ!   B     B   {1F֫@L[֩2~X(ދU58/OBF5	Ae"P`Gz^I=-zɕ CZʏw4<MVCTTptpIy,Q0p .DfjmZF/mRiL&,&_҅82Ȕ:ZV 7fQR\
$EĶf&hr0D0B_:wԒzuztLB?ilKG>7jeoX+S3j:nSAFصɦ_;K)fɄB\r/9͚C8HTZ !:OqV7?.6O`۲@
mь8JI6X@?6LA)wnԆ]N a_>G'䐜ؘ@i/srUҫw=FN')QhĆ.}?4ǻU,O   process3Ȝ   *     A   \mNn?@UMD/#Gp}WEhF};YP><Pڌ3O#Yuh*;J\X2<pw(gKKA~P NCʱu`G&XZWm>\phC
T3~Rv.3FJ`4.xc]^&bRUz"!нGe}[5\D,-.+"9cPco$ rwA$"<*\$7R+(-<ZbM.GVR2!POR!ilj1Q,C;H۠*;d5Q_{Heӌ q*<9C`B%}cB˫{yȤZb 2YsLȫ#FH*џ5g2$Bot^{)TdZ   process2Ȝ3   f     LB   ?4yYjӥ_M<C@gj
""ctSê3NqW Y&d|\ւHk.jr]Fx$Rtp&n|| 2`4ʓGXx0؄tN͗әuȅ|wXa+J㨉FnhFBoqAqE	6;$1 %H]oWi0:s}" njV 免I?7 qM8]>L}#w$C<7ؒʂfMv#Z&&;ġNab4uSi8}aȃLY]мzߕ/֯
1K6Y#fH`sgw:D/k|l"cv{B6+up3asSZ<TԤݧȻH`
QdR!^0
mg+Dp@ZťOKr[>Rl5곉!g-|z&   process1Ȝ"   D     B   KPSi؇^<@Ae|+!rtO$mCyZy(|>2L[L??-u	8QX1m]GE+jGcK"Rui۬աR%ɉ8=4q)>${wu޿5uflL_YH]a1&tNx&F<\d6 r:62:>a]_$Ca8w62
ELzqՉY0ez=Hiig;w)ۅ=XvНJ W jtm@b~2c֋|yH;!oc*%ld:bcivVmj߄SXz
k_!*,eM@Ю.C$Y9t_^KP1x&|:GE$9v 4ǔM!?桿E?;_ӵ0!nġ:0Es]lkj=Їy1EqTS:   process3Ȝ4   h     PB   ڒZ1;4 x ̤xV܌wVԬyc62 
H',,TOtz2Em"s}Af0Msoʌ#J5K	ԯ`\[CV#VDu@IyWI&	Y|<tXE1!@9XS\ V MQZ.x;ْO[PVW10~̤ =iRUm5Og}S\(]o\|LYpY
G}(WU	JftAH$ք	9~p1H1DC#lᛏr|rh e<o󜓺xϬz/+n6Z`\tms"8	S7kysJNq.u,v9G]}sW$45!ֳ !Z)X@Hq( 5޻}fZ)5 
J[xI   process1Ȝ   ,     A   'E+<~AWnIbQy<J'{l'q/Vi$9RSDB0`=$+Y4%:UH!~©BՃj?@Chr(-&'{a-"u*&`;'j:#vԼ栊Fֈd]:_F&_XEϱL`^mY';Yˈ,%4bMS7ÝȨBa)Լ	5-`fH4F;Rn{ ׸z d=,s81gFrbX4.(Ș$zS<c7}wS#s$	ou]6HWTLuuX紀Hlgulv5?[}HN^!(#¶sQˠD
G=ga7{X:P^I( ]2%@ 4N`w   process2Ȝ5   j     TB   NAwجg/^̉EEǍlqk0!j &{s2"[FpVg]*fk4oQcv~J]rae-Zr=)=@OH07J̀k+Nv2N5G\8h)>b#MQg_<htw6;Q\棩Yk]/ZĮmK'ΎyH)[.vUN@)iZf`#UO3
Ы	y.zº.(MfpsxMv^*QaF_p=VW&(nl_	2?^Hz춋Ӱb<ʝ$v_Fn%bjtn)7(Kb,eФ XDƽք%Mf(0ueyX,ǟV?|x6O喟4Zp)~wG<7J %   process1Ȝ#   F     B   ;` i@2:e,KH75U-P{iIR<xo@ͱK*|b9Z$u|~D\8aqSOT;b2K hZd  mL/ʷH8"8bHS|Om!mJmff"s? Y՟&xe{0,<8Rxi:ksT.H'_8RSi1G7dԿB,p{\W~`''ߏbW$'xi57:iNmHĢ&-Z1a)
4l>QlE1{on Y!^\Vp	<g%5D}}^T,O}z>ݏ4K%fseSHU7IVz$޻P7c3$TNd7<Qvs<gaE?TłO,OwY   process3Ȝ6   l     XB   "*+P|$lh KI]JjF'qMAJaГlxN2vҏ7\eij)(rxLF\٫Q:H]<ȖSp8TR#)ixHZm#KߚLԭEf*E  qʠ9	_r'[BB866dO9e G-'GXz۪nfAbV-hm궞;DE]0nnl߸A6 PA#f?3H>a-N2A9[3֭pS5(h*k={@Qu8In_'iGjt*"tpȓizV'ahXض)D3exN섮4'hLZ&#+XE=k bD덊*qD%MDt@99ٛ?TNe5#u   process1Ȝ7   n     \B   rm	yZbey*9yֱ¶Ϗ錼S}Z'KQRrYزN2N <9,hӔUY&m/BZ#
1[@\P<w:=tnM3A4E6k1q.o>-v4 e}\X:`kKhw5b\MBZ2a6$y,4W!s>f+Bw@V!SEJ0P=Wi1rgT&,1gQ*EҌp.eKҴtII|G@WCrOAzzƯ8?L@F&Z!)DژsRWD>
O!bZj)dȉ'd{Ǹ)flG0s xw*@&ygN+v$-SSj;]<I
-|#0GN]!c?1鯣)>nU!]+,J^*@$,;W+B8)bl!S   process1Ȝ$   H     B   WnKl`#P`919U
ͩ-eQP𩊊CIꁻ%H@Juh\1	*«{e?;VZk8`b	)xQ9NwpWj&W濾RL̃_ mΡ4Y&o Ӗ@z}qڕDvۆW/eg;:G$
[*2Cb?0؍d1q2hvjp67=Q*cT(x֜G(jR޽[d>e	A.':`7 -4lm)s*{L@cK*m#'2R;T	ҙ]?>=.O4^lZރO]Itl3إެa+x1@2 vR(Vm3/U{58'd<'Gg|k\8|CJ)Iؿ&c%I?J)oh/W-=   process3Ȝ   .     A   z0'nsp7FvA)ΫV+!ӞOFPT]<<9lΈ3G;bR!< NtZyT,Ƞړ9?6nRk>x[ޚ0I5A}fL	tphqH+eYDZ Pxy&fI&$X>i-,+	tYiΘO'bu6LRyuXHeCp=ţSǰNX6;Ѻ.,	tKrڳ{ofTw냇ckwHMA`ד)Nhtz|J)˸`^:%?;>'4h'v3)Ne[	َT~Q<־c5#T`!%R5s.{G3Z]~0˃A8Ȼ(:F%' ٿVM\'XdҠsG1컶~ަNIVˇFSZdjf	L#(QΊH   process2Ȝ8   p     `B   Q]a1uY`]N6aIm\v\t1ο0]"`gXŠ~̕FDu`	:¾!_JCRMbnRL3Ca.aI}rb
sfXbq@C랃eV(6ǵS~ YK3;BC1H|Pî6K458՝쿝(Է@:Zǭn9ɫO+;`u~n60HѴ=*//i}@&=:zȌ&  х±Kˏ%_BFr)B1]	±@	0i2ܒ^^~̀A2cUE>Y:Df~2,鈲<o̵ݼ"WBH-X%@q+Fz[Fe@$*]{\{"?wx~i{e   process1Ȝ%   J     B   YG#hQZ=KΊBɥBW.vhSR.sK6M|m7zD%4 \3}H	&xq@^"1P1D]ͥ|	2`j GUHS$dbč%Fa' >=ߢvjDBJӢ46HO
q**mPWWE:bp]nX8Jqc⮽F+JeE>8̪]BK}lӣNtbӺiOd2@q^ߵ<ye$@o}ͷBgg\9'bUSOBcd܅[2;̗v=q!M[V?z.]m](~c`eߗME+Z%D_RqG ƹL_*"_0+9=>`ը|\di5ttD0u   process3Ȝ9   r     dB   1wAWR'rt{ҋC_h 1v8JY
:?}w\;y\
nF5)羐y/K)
ApYApS &D` nH~#]z?~x5C+>+0]^pU޳VS$KwjHOR]ޮND'M
G
Ƥܳ=oyVKu*'l0!C>Ѐ4G-;16-XwL
G$X%%&	06^БC)#x>> {\I2E*;Ld
UZ1UBδRT1(AWyleJ@ʙ?t'W^0+V(\F33+Wc	Ƞ8#t8\jh2氣6%`+1O[x@d/ɈGb0ZK   process1Ȝ&   L     B   z hpR08zO;c@&+Q3u	l1h@ GK}L+&9:_BT lxKmFEE2+D|xƺb)C *$/.DQ7~:/tْ6`^;|Lp5"Hn؂c#<64^'CZ)90&pDȜe_cW[^|];-rSF͈BG<v
(C|\m|E3K/*u 2퓳j äRWcQ~Is\Oاjy<&GYOR?̬35" w8DO?z\p0#ے`~bWwZI;+o|6Q,Gk"{>kv(UJu4i~qBRj3   process3Ȝ   0     A   R }{syK:7CM6cU]Ȑf]}lY $t05B}A ^b%t!
JT⺶hD1qEuάuȦdfJegotv==@2N'x]۳.^4y
hiBKj~bI⮱7^P,yhquvIDTIl48y.i푄`W.:@C1[W$GH!tmק֥cl0h)y/6M,L6'C.2!RFQ\S[w{'ڇBwsK(t)hDb]-QL$6ezƑɝ;m`^_M9'!t{W\+!Ȃfw"f[[7R\Ի%qjϸ,HB|Ho[sE1B?Xꉧxkt{>'>lq3N   process2Ȝ:   t     hB   4,oXL_Hj,LVK=)Z"{i5T9 nX}a\#yzEsh<y>??g*W`S9⾾AY27:h+,Q4xo?K=kx35_wo0L1d*ab'UFد]~#1/ oO>-6o;J;8~m'	^a3S-ʶגS4.4Ě#}ڿx:gj=|xڕN_B6ako89j! 3AZ[7@'g.vPl$>c=bU
p:%7*9dЯDhHBrB_A w/.56P(liv+k>|6~@ǮC:JLA#<K/spq%(놹MAKձ5#̪n*64dҿ+BdxrQ]U@   process1Ȝ;   v     lB   +,RuCXu]j{NZjMs-SNǰ88~k.2_o89#iJԨ#(	j[@\#e.&^.RP@n=̦=nmr:4@et3xMoFD8/8p^;Z\(ׅ1iɚ.^۾,q'UQ_*3{{΢ mT5ӣγ4 / %@CYwDyatgDp{㼨]0Ol)"2߭jD+	/JEwn\b	o0)DCVE;:ݷ:Ij,#/[KrFbh߹#mxm]OT%ԂQzQi`9:'CoLuFG/8;=7Rk+"Hf
GeG_,Xoz	6dQ   process1Ȝ'   N     B   W!$MA<Z[4YO7iep[ؖ(˔-h ^3SeV\dzZϹbM@PGA2yG4-zZ沸m	,ˡ(m
jq:w_:b!;
2AT	 Z$ErJ=A^1 S:yKXqLE1_7駉OrsRZQdGU\vGD38vy˾|ֶ8hwrL/y_UCDE!2dCk=HEoƯĝlo'Ulc_F8ĘUNܠ]n :}GdAzy{nqaςfKtͱ%Ni?f略ƭ31px#(HhcCR計xމh [=#TNgڋ|;Ʋgldd:`fz'ŷl-y   process3Ȝ<   x     pB   ~G	,KgZ>PC"S}$1#q-uINs̼~^U,؋4ȴW	5ԍ4D9CaȌ>-.GC;D8ohHk >Y'%l/1Ե+Ic$;!\;:	]c/Qu&[Mwv*ȺcFn[@+6hgłD@NWy O4"^b!<jK{CswsTЈ]WS(6iW #;<J|EZ?^M3'Sbk*u=[o+tى	HVRYo(ܚpQ؃8k(bw7'	@X存	DeR	 qB`Ĥؚ%P
t_v+iX"#&Ԡ9+D.k1`)'a?Χ{%"VavA9AJƎ>rj9   process1Ȝ   2     A   +VMzOȹ{%2tPKdP5f%Wt1UIi$n[kjަuF~ޅz/iXlBqkl/|\xbX;&}Dew"kQ(g*[e iy|!wq n:6Ib/W{H1YJ$(2W0[Z 'V.6|`8zJTgn:h{ɠd]&S',tCʌfx(F:uGDX n$wɓaYdhC{]WؒyuyeWaKI|nx\3:Wվ;!9~<X2Ƥ'	b~,(7t*
9:[EE7;\\D\{VT1IsX9a]RkQh=D/.~^ZO=݁H_@$$Aj:   process2Ȝ=   z     tB   #$([y}8r70(R@{4*ԱnTe)=ۧ?N#
{dn\-_Lb4,J3p7/=|OW74);Ԙh>wEaL?z,.54z4Ѻ>It6N`S[j5(vv+	N\#rR=Dd(MBA;RA?`WnԫzٖIa(o:Uȉ})00g5Oyq=Pߟß!'@W	?~#=~{kṡxtCq}9\8GglJhe|D-aI
wl4bi.	D4L6,jE͸rn<Tae "!"{8n@0ꝰ;}f4_?AKRl(v0>֩'=.W/\l{F|$8'   process1Ȝ(   P      B   0:12cd+ުkv cKYq_㵀0Y@l'$y_bOzyd)QfTSk'#n3QM.2Tss%{%3j]]lXXw#T4m%#vSZVs.44Wt4!dFX]uB75HKƘqkLZ%W4.^@Lppg =eJu~]zvuY¢1@'wiπ-MՃdE.vqđơ)T
;,p-L'bAE}>0YיobL^]?Jk}k(zMʄż1	8rEdR>Um1n5TTPg~r{{ә$L5oDJ+>kFX3 E-OWr9 m ?#Y5Jh<(O	.cd+   process3Ȝ>   |     xB   2)e<sdz~)_Jc<3hGrLPկy&4vOi\DI?DTVҏwI롻LdNY?৚ͮ}ۡг̞qut3oi$2~=5/)v2d_m[E}<=AZݾw,z.Px?{m$su8$MrlZ6mZ\"	 jG?$ɯ_j(Hz؍HʙDrab;U4. :	G']Ȏ3wScG s%H\䔄4,LOh5JL\1SRˤl0|*_-cmK:boʒnK*oJ^HiC"dU`u!qJ-D>{91z~"k{,5s8xϟO
   process1Ȝ)   R     $B   v-)*;vAL,loʇ+amƜXh͠11YO-N3BX"h]hV/[D9R8/0we\|j}X)^L?5	S=  Vz.8xU+gP_nuysIpʨ	3*lWBQtqSOxPOװK^GoFetӔAmI%giyu	B)>\ݠ%q+?`!H֖Ͷ&'nJCs}k,8ޣ-ZU4[UKq jմ|jUG&'P6av`SpJU}EbEcjK^H S V6KOvBhkmbK۱9wQAޭO)`Ѳ-8a^c@{@LQ[SNepdlA|$*2͉PZp   process3Ȝ   4     A   &&z8G;g>(
cەZZaxoˉծq>w	;TuuVkU|WDpT@ՌAsG.ll9%QK{;bLw<X!47kk
|XrcRTPԸQKXZh[wh8)u݇"A @iaÈ$G@
l=2VSmjfOМ/ v~Fϫª#=2%:n7ZV_KMZv#Ӗxʙ?=vy)0jdDtbSLĜ6TLOK͵b6x/Îr҅Vn3N~tyVrA5QU7{:Z Wng:1+Ƈ(of=_2){W"\!AˤqBc|`kйP~jG,S V햑'af&~(   process2Ȝ?   ~     |B   =%H`FC?YnϠT%B
\Pn@Kjre벨,KN!=ӌ0nVMp,W$ģB	AZ̛&,?>|nŅP \|^öqSĒ;d.Pqr7[E,8yKlN7xzK*?wǩ,3:{ěD@ipvR?	Isoc?Tj8c{r$686j'{,ͧk侥IVCIfCHҁI_L8d&'6ۊu5Lr3BKPGD+rۢE @9ؾhXK@"ckAL;qj&_d3&eW!iQA0LTZk* $eX${K6
p̈́-/_Auqj*?|p>Yчy{6r1J%   process1Ȝ*   T     (B   C6XS?մ-CX&Z~[mchx%G\xN,>> EH<ˋ@_V_˃ǡTQx!':/KF`!?뷛U)d|NLYh |"c/t'Gv&[I''V}7%vibcLk=wmb̙ȉJGhCwgx-n3d/Aoje.!fS1~jkOsm61"c.vHGTSw.ߪ(ڊW=(Y,>0,aa~cΚU;7BlyfuZ{ǜ w#_v塁]eInOܱaQ$:5WΧ.8$&Rr>Vї?t[)/;%嗝#38_I)m4YnwiJs|'۩և2'-\ckTNz
[NXMHy   process3Ȝ@        B   `*kZK16æ4A?pjhD%o )Aƿh#^(3e*ݒ(YJkHN0cfg_lah>NvI&3am$0ņ T4)yO+q>vw'/I_L<F5msoM~qw;?A pii:qAX5K҃5=H1lh>496
]α:јRY2`azMjˌl¬fE
LMGfK%s_9:)g}ɜw"D}>}7[܆Pnn
@E~0HޏO۲ϙs/m_[b_Trf=Fxe&k;SsdF1hO@w63Sȯ%n6QH	\3ԭMvmQ Bh;d9Z?RZr   process1ȜA        B   ֞.\_nEM'm+J@FYɬ'>Qx0؊.8 Ge:Ub}_(r#IK!Wh8dq@7-;44V\B4Dm;n$VюJO6eYa?jʡ?" Թ5E4QLATx'Q!`T1e\af	3sHR&~<;'}PຂnTx%tbC=@K&j&"*oH!3\OvĿTz062ԭP6|/.p|k%YyDlBzoe*Չm;<Oe9I^17kYfŒV
ABZͩe4flXQsxCpMz_+,lzp;UK	Ȝ]āg
*7jSG!^C[k0Ǣ/qj{L   process1Ȝ+   V     ,B   X(U3h`eY%Рržxa"!*񣰀y%vzwqqO9BȨt7mp[^H$>o[6|Li2Q`UC8dՍfR)Οѿ`Y^,м\:r/.\ۤ c(UK1u¶(a GdhMi!LH>,;)`L'+mX(BZ'stw\^MQ!9lf"҉)#Կ3IZ6n$`DVN,\=IppoK &yz;TB.0۩XSJ1ͦ6	x5]:o%:Dx[(bHTߴq*I5a)pHFMC{{.Q>m6aR-ZٞKJB9   process3Ȝ   6     A   V oܜ΅^4A\LG]ǚT}p:s!1BޭKP'>@ Z.][3|$,&!'m,>@k{ޡ--֫%j	9Uv8Keڇkݻ	ŝ*ϖnyxmVI^Z>7#32Y#gboJUrlXa.__+q -S8(}7̀9OjJ,rUz$U6neݦTĈCG"FAWEPaa@L2&V x6b6l:},Fj\ț)bq{oȯr}Y0Ѓi<|/CݫN]ﲴTCgyˑ(d	IC12rnG`6c!poQ`=N0QC9 f3N2/|u'OztDgg;A.Ϗ&|EɂQT@K"G   process2ȜB        B   Y~]2}rg։~gk X=#E1 nEG~._<8ʻ(!P;踛ʽ	Z&kVZBLAPx++fS5ʚSPۺݵ[a
pD<\+ pɊ34~4 +n3-Dn='q.9?Ol(]]VqhCIar/V|ΘQ ='p't@T-T[71V3D֧bYܔ[)Jp,W#؇<xѝ7RY[=YS75D4႓:XS$"k(!:2^Os tqeF[7 8ح=
}ڳ7W=oVcCfDç1Q?=Ƞk3_"w1yTkJ殾 .@ɏO8/9}ɶw쵑'Е\bL>&   process1Ȝ,   X     0B   ZՔ
o],4?iل1,ғKJef} dQiE|,UmV"r2qIRȟ&NA,6t#
͌,M	RuKEe+F쉻8вM#Q։χx_<"AR)"V-Sza~N4RςWf%*|gOVGv^w|.)ggˌ=`5ƬI0dlog|q<,6Mk&VJs Ea
bfq~(.q_e;OU]x,,yJ{hSt+,f)i+:
3;O">d\Ejt#ZB52xa")1J+ne\{'l?3,˻sD&Witde'zHv_L瑧)2o_SX׻VXV+#Sf\W>,<k5|lxje.	g   process3ȜC        B   D*-pmC:۽gXiZ4nT>ItG䷈{vi|rD< dfyAg#7i^$-iْlkk"ACϚ	(^DUF+k3#y[pyH5-|YS;ɯgs$o67vPJ0AZ:e4Qy
1-q&ivUIW̉ZO+%)JY(16/.]-!>5-K=BDt&`9
y1V9x&^@L+p#iywg3'U?!9/
@X@;ַ^՗Ǻ@gTmo󂚜S>95p(pл8Ę0f;j#=0,UՄZ=<¦`A\t$ƅ.潭nsS:UCYy~z!s|   process1Ȝ   8     A   X9Fga/Tau1´n;4~}rxW7`5iU2af>6iH<m4ּdxZ:M!B4 `pe8
s6-ntueVu`uKQ@E.TPAODxj,gR8^{ŧhUf9+C 1qVl{N#)d?=/b3*#dmo$%?]9Kvλi\ᦪI6RUj;_	1!YbZt(U>eetN|IZlchM50_ƬBHj'jR"%4uG}}QQ%ݔ#+U9Qjx50sF;$TQAtpu8Y$^n(T
-Fevb FVqglyu<ݝeޔ~8,OO]5$4B .4   process2ȜD        B   /4RB'LxTaBN	Îl:%H?qBP-ؕs*9t4U$"mlØ/T-J][Ze)8)'AӵQ[	EVx/ڝӓ7QpD.%TD`U4& /]ς݌eO ƺl(=ҲB?E
CX!d>*R[q9,hLI:vb`rIlϚS3?)Sx<\hБ$-S&EZk:(UX޺f{`%Nu|bYZm5v?X<؜B_܅$I&9=ww/JBѴ%0V	RjŧĠ<J<]tr0(oFe-c:uN&,E/F=9]Dt~-ּkƯ3oht   process1Ȝ-   Z     4B   !T2z9I(q!?[|TzN%rGC͚Bn)R{aꍧf1.Uݥz6IEjѩiU]mМG!T0dmׄʳ$ZnBrop]3d#DzlDAi*^фH`ŌwP3Eu FtCp( *ѽ-`M
16)O{s
xdcVk@_ٺHb4o`wZeNtڏ&X)J7RHmf};*Sz$#V[xWt%絹lKkEʞgk6q;<)f	^uCnn(_P|@=^~J$YO3"X~&n'
 `)Pم ޻Ƈyo<0rK*T48 #.MJ_+F|AA<R&   process3ȜE        B   tva?Pf'xܵ\hMJDE[#$2`6my	)Zdx`CP3K$v[Krre|T+i&s-g'W<fA7#O
4hRFDaL^,EXC`r$1RsoZ	$q[	(U$bb"D| 1FCu`6/I`(ft)F&7wabdS0,\u}$^G0T/kn',"S$7&9u?NC_"|H}2-S7lחW',>SAntl(NFa=쑋5k:iM5*3Rgt4m,Nr#KV vYxn#^&Ia6:   process1Ȝ.   \     8B   Ob|k
#z8OKim47 y9zC&rW[H`cJvkQZQKҬ;,|tNk}4	IȮePI!,H'Nǚj25VrmK#aD!I+֔~
eCEƌ;Xm-'l0K^JHg%@rF
|#Q$wqR	q'~	{4l$+o۫"pO(ȩuNi04arFbhHZd05	pI1fNYF,fVn^D趲ntń%Fa#!ƬhVu_" >.L2s<J~Jw!Z5e$J+Mv7>CcX>y--PrR?bX32CH8m%c{NGgk?p]YGٷI?0?7j5XLV(*V    process3ȜF        B   ϙ~*ǈpCZL&@`TRntI@7y(]b?˚pX*aǾp'L~Clt{[	;*t iHS-:C?H0B(zPɃ})Uv#Gb1)ݬ`)C.{
!\N")![K"8^u7?48F0u))
Mȇsˎ˔ES+IA<kr(*ތ05eh|U?-	zK3K:!\&RzOښӒ~I /B aS0kJIL=BТ-9OZ'Kx8;@4m	r j.+;gH^Wsɶ\߁wqCZ&Sڈg>.c0MXj n
Q\ebil<5g-`+J gT   process1Ȝ   :     A   G(҄G>xk%0K2Q04<B+k76k1ӯ/cDVB}]rd$ioٝ}SBPSΐgϑZ%Ydq9ͱ*1j9Q~5Kn@ZB}R)E.d	<.7'{@"I*}8VoT?ЌK{oqqV2j%-	PQ놭8!/B !L^oHk{iݽc.!_Z}ɚuVH4^<rvNԕL9'h,:Ʊw7\t@Ik~JjjTweQʲ[EW`kԗ]}8bh(f!7&LXɲ8!KȒEZ>T		W&[Kt$ހ LThAPo	ΰA),hFdy}K6p[voM/   process2ȜG        B   OaϾ`S(-<%=DSc ā^"a+.I^o\očnWHO_М~NISr^%P1#vS7Y:B$}y.;N_6{h.y7&-^@ G28)0fx.%~zL꿼A0 Oǘ/ߪ2l|ESY.TKWp|ᕫkEAx嫱q#nExJ5Et~pKqӑIYXΰ0jɛTTz03饆(_|v&!XVfie}<Vn Z*w?&EX	j1r,]{U&LQfAL]][Lދ!"GmOTr74fEܾk[覅oү[lp}Ou;#[W?	<X|!ߧ,   process1Ȝ/   ^     <B   A.ˀI{xnTPw5ee1RȵI1)H@V{IIgk2rǧ}2nk: hAI&pwϊxEwCXt7s\xPޖZn?%`[^cȞs܂J=]jʪhMZ
<׸%y&G2$vEl!d3֪TݎI"GI(-Ss;p>By Wت-fO%koL~BxnIw'*o %h{tZZ&xMy-#O\0f_E@T4ZRk5߂*5*&q(eZqdJ@O(YEр|foX37\LN2W;l/S+Ν-cSDWt   process3ȜH        B   hMHL7OXF:%q7@ۘr?˻:g5+.|;ʚMUra!=A8d6b|Q:3yr<[?tr.m6n٢p%]:p(c/@`V;TX!-,)!Zk4Z#"5WS*(	5Ћ{:0go5m|~R~W|#*Oya+sm඗+36x5Ai
V<S{|ę;G{]K:b-U?F,p
io?J-"ff	UqͣoA+bK%[Z`vX$>4ދb}gϻΈDvf"Vn
W(@`O=7ATeSb?^iWX)$%Jx,W=jM_   process1Ȝ   <     A   _c$Qݾw]MF Z6!J6[_-ЋVoa{騘].N3
+pʾaZ)a`oP7m\Ѫ캂zi'\k+ȗٮєy$fKb/iY!kqY/Hx¯SgbGT)o86f3,ӁrEPNhY Dbim<LyԨ 9&=/O#5kaW׹,CCGIzb(c\j8f8Hi|.a#.b`86⑰nJ]R&0>0k(P$cFfׂV?}G](~(HAF]vv. vT"oYb:ѧ?7!d_[vh3*3N"	E,+9whwݬq   process2ȜI        B   '
 1*f2s"^	&D*ؘ^"è@#pmإlʖ5BDMYk>U6<aMWL-IR}&x%̟͑
f8:V4Y}On/5*Su|Ze6Bg*h2"\#RE|1B
شmX+5,D܅oW*ciNDU3H4혪$6yQ8`@9Ę)wi~>ȆNX'9g^4{"#Q<tkiDw:	dRL4yט=׻x7*":RfNtٲLa[?YFdլU(Asg\b?=rC((K=azQXoj֤/69(CkL$NI~$zbqC*ry6">Y;3@ë
#   process1Ȝ0   `     @B   Tb<pg%Z`Ujױm{{;4:'5۹&qxE74UeB"4GdRVIxLpг27tⶁ gqOl] ⁒@Pۀ\ GtLLW,i[RY*?t^;	I|'Ԫ]4w)[q?]T@rnE"T!d4ݧN~b!ԬȃQ{kU#e޻?q)(Ms|F\o}EmԖ9qTMYATN-*u*nW+f'h'$ye 
&/!?PO|c_lAݦ/A,wOѩce.M|~JrcB0&XGQ X[H"Д^6ƿ[9AHy|='p^QuOS	 3`   process3ȜJ        B   gz117~
G(K絺,8 O$kaOguP6F3A<i选r>4]M,-X
үC*	gڣT~ҿp M-s23]*j׮Gv-7G!ʆ}etLd[Y7.=0"N~cVWRe}#9lƖϖXS0`p|]stL?cMY*맦1+elBMg
K,3
XE3wRF%r)p2b!4vk4p+9n?;9ϑm*: $R@/d硗Jc~Pc{gKcZqQ^WcQ4Y]7OcW9M Ä4KoLj)WS[98em)+s>\a_@Zۆl>a   process1Ȝ1   b     DB   k}jS5;䷁p̩}6O̈3clӊM1 xbX/^!fDE5i3isSRFb{搘R۔(O(&DڽF~Ϡ+m?^ƫm^F\&mrT;eςV_̱)-)yf UhO<6%TG0'R_\:^ g{
;j=ɸ)SXjGaD.jelPo*'yWk;#=6 (n`JmYAAGo`|Ҷ00h"WOqe""K0c;w9kDN`K
\/<hp[~KvT8\2\x9 ;*[4+MJQ?giCn>ǀ}4A4+_@0TQ:9+Dq5haP 
4U 3Xfپ'#\   process3ȜK        B   ĭx\Ae[jJs_4o?ePW6N`i'y?C)nuzT͐jP@I4ETlJ2'ls"Ĝ6%`;ʝn~TNnEa˨hDS	"2fcUkC
BޖrGh
TNm sLEzY{A84咎i$#Ąό|S/Ɛ9Dazv$*-M4vW֓	I'ÃNF?s7T=,+~eU<Q<*Ʒ	wbLT);ip"5Z.-?rq7<u绘;
a8#S')lbeE:kjM'ğğR!H6滕wjBnb_,?Ԉ[6>Ѝ-l^EZNA<N"q   process1Ȝ   >     A   XGthA{< 9̥d'f B	ĝ~b]{OA:N$W4qZ$62ε<(qTmgۺoxzszcD?_6+	GۍzkPABBkZ/D?D0?C> i<jpn}?:'9vwj?"M-T9x6!X\cgmaB77?dRS.K\r((+3O~"75paI$Ԓ(2C\l٧qP[76jeE?\g3w/s(]g°yAvnB~' a2ǁMN=%2gʧdI)ÙCC]2>Gf%f%uz`4&A !MftNzSLArfD{E2$FA%l$8ga{4ba4Tg STޯ{ɻ'Xu¦
   process2ȜL        B   8)"&:G ;b&1҄E=t%j֩S<CHk_jM`7N#ȝx]	%;_	8)f_8D`e؅!0q446l-hZIEW$	C1߷ڇg/NZټ<]u=Qc\slӷ<@x1}nއۉJ_A>0̠!Ih2LRf,+EP?~K6V	&<fkm >nLeJ;͖I"Th.907S [./iUEXH}t;J.FtQ)l͉ݹ1ӀbSUZsB0eq83a8905cpܞxubm=;}QGꄞMpz ^6-%+8v;ۿLY[ӖeU71ފC4ӥ9IS9K   process1Ȝ2   d     HB   md6VӇEIcco%  >G*6j@2]olZWRdDE[4ԙeq!`=$_6Ӏ M=qO	RRo9%Qc ǿX<38()aPͲAJ$1mB!tznH4ZB֫}h:Ɵ*9]wF?X1{SFٙr5%=9hy&qhLfbʕ:M15蝘}Oǿ8ܛA7MNf!fgt4%bzH(loN+QCII&#D~@C_Ģ:]p35L/؂ BEzL#o\ G3$DURopͶ`60mDϷ~&Q,(D|V?dwco._})dV\# ikLL1Q\g$#SIDް7]=m   process3ȜM        B   gS
ڊq2&X5KүKXމUjkz>*L-f!㉙Fv1=Ən`і׳~Km}Wv"jNzȩ<jL#LUŬ 30,Vى3j`/(fR9wu㌸F4UlqRaKyx!T2-_*wrܤ=/H8ʸ$Rf)/}?	_?]C
2<Ծ٥Ft͹X,ev2M0i/g
~޿=	f,2%BJt5G-ﴊǋ_>39<f;bڴ\K1Z~?CSZW:P>@w{}L2w^ݪj00e`0ݚm[0PKd?|U$y4.cF[˷<ss   process1Ȝ3   f     LB   SϣhB?p?΅QmjSgFE/	Dt{z{kKP)U<6>)>>T$3XpF.9!}=OA|d)g+h#o8c!ROe)s7{@p
=/).C<	E8g1ۏ *rD@'W@;w/\Q+%2"r QlyqQ:]o05Sb(_P]45*ft%LTńu'?XgO\%Gk)AR-xrԒo}^b'Y_	^/W~~4`Ӎ\q}@vT]Gc`tA!"&1Ư!Tt[ξ̾M݇@+vX_<] JxLds799\])_u	Hj+804ZqG j&R_	ҳyx1Bjw*D50\Q(2mW.Ь/AqV   process3Ȝ    @      B   [GOKjɊ^uOH8nY֎gx}DرJdǕIgכHZECn,{+n<%ع3>ԗPh4,kM7K^0A=SҤap-êͱ׈ۼ\6]BjN)Ṽ6w't݇br𸠵_RGi8ce+=Q`ԀU$|Fc*e{6-/U3a6lihٕ	DxlBIg>}~*26!jDʭf, }
z"L|'lѯh#Y^tb."֧ݵޠR!#yQfuC!.u឵!`v$bX(gx}-0Ef~xC8xI$+Ieb|n%kI笓*ħy~;`a攻m1rp2x   process2ȜN        B   (a N}7?8mo&b~W:eV<)BČAv?y]x%aTbB\xFќ/Z׊x	{FCm0]N}Aa-uG6_bR#!gq_I!RAr/X8'*Υ=ɥH.=K䵌=I2oM;8+N s. S_'X1L&޿ʴs"_ke(.NM	-JR4=[Mg"ʦ/*Escw=4ƿibM8;	%3i Bmo4:VK3iۢL#^Xз@Pq@&f/l$|۝`NG&LICu /ctCzԐ6[gvt'oњ=(\{vyHx`1d>fψkgќeI"w"
̱zIjwN   process1Ȝ4   h     PB   ^#|u';dB!eRc $hJLYq#f`^[ͪV-<IXzkjNN\`7bOL`)oϱW7Z@MWGnt=@=.g>cAs)lX$X@=O8A̐{B / YGk_$1Ϋ]usmxIaDW	Hy3&/Uc}v^Xu9mn3Ki޵<e
*9y;8>s	3؉Egw=7`xn.?a}:UuivNP4׽lEa mn}=lu:z>u̺Rj$u8t$IMۋ+3YrvO|c1JJٽsr,.ZD,øLm,^%1"_Pi!pKwbraM*kw]5M2$yv[@-g#[
j   process3ȜO        B   q[JU30G1(#3(!55|HCU#7*:A

9aTaG;6KD[D^w`y4/U?W͒@Q~QMb[ E^vaOLw"*>~l*$cU
i.N"*2Vw1ڧYiɔ,,PJQS^s>gw<	ELp2({-ٷStNuNrJ3f
#iSpD^JŞ7!yZgO}F8tB:KZx.;&5C݂Xٻvsjj_1衁Nlu/u̎/ :NF}2[NAmh&8g`+Q-l߮pxT7뫭3N$Nn:+5[/"n=X-Kd{+_R&}TPQ;nP(N']Dۜ,XS3i7   process1ȜP        B   }t~s-WGqʨ5]Ӣ^%BWB_SH~m'Ez=/TVM4[O:
AԅIN]2c*XG=< Jgfԑ֠魺R+ ҽsD|~^,C3&V$F
E.ʇ|lbZh˩}c>xY>!5j2$OmFAܦ|.7 r"kMT?%xI	zɦ9v&̶x/ٶӳ2,^b|{=_wت@t*\/
lA)3>`fQcifG0iﱆocrlqt鯴T&dH[ֳZf}vk|{Ur^"*v;
e}<36+='%̔׽8Zmٯ>~u򝥐   process1Ȝ!   B     B   4N}ޑeŵQeTCm^ژu=ua=:>]?fD[@=a9Cv簜K-s#Δ#}H[j#y}{<i%yk.9!kKZx5[9S1`8L  6oȻ,}_ثkZ8225rk8☔R|FN#yɞC"͐!lCO$6)76:m3m:u .+/.?ZW0x`T.ӑO6/?h9ITi0bcCi^&ysژ~BkTP|Hz}0 Jɍid66On}о]>8"!$2K'DK/;0(Su0xfS}+=6HS~>;{mXKgJ	Wdv]$cӈck   process2Ȝ5   j     TB   rCâklku1}z_!>AgG2k
(j$y'"1melͻ]MblcvH2[t:й`]@dW)Au/WG3\p$fmlrG{)Αsi'H6((S"Y6Gt:Ǩ0/=;6v.dzHu7e^+G*as	/NTHx\&tyf94~@^EjܺVE[ZVlFb䟬<ck
@ߨ&쐓Ed,~al[㳍PET--peʮlTk=DU<F0 O{vѿdY	*d입#6Ix^juC׶Xy[#_2gb*B/&%K@lIYEfjv   process3ȜQ        B   ?bGs&_x|p<cIt0wC;7NK?vNPҌ(pu_آ͊;-&@_<e~9
"0}ӁrJډ\&cܟiIXkh[mWa>tYP[gaGn "^+1>yZxS͙"%z`J5ƻJK&W js,z7CHNlX22V"(2[0WÈ쵍Z`D!cӺ7eٓp0y""	ryU2{ˋ7dt1[3-A9zu۬txkJL`ȋsŊ!%ʋN5;PP@ƕan$SΟi->]4dcgsezS1!ݷz6QGg`OUMqAd~T}?C|u|s40gg~Hm+;l z«^D"կWMq(   process1ȜR        B   BNcԞӲfo\e:ɞBpˏUQY|k1J^ғ;cń(Yәԛ <1gXԗ DT	圸8-є='
X/m2=U⦭e@^~zºg@!x-U)(U:v֢MU>tGdnGĝL^Sh2Ǝ`i!ћ+:LNմʺvI6)z@)CTT%7<LyoYQ"Ֆ.:$yV\w-1Z2HX8XnIZ>6^ѕDvWXjxnB~-"q`g|:D̵_2.l+ɣ©ZVA۔3t-IHʀںO+2m  |i}}>y'q*    process1Ȝ6   l     XB   [kjQ4K6Xs2CAivɚ+,,1ZUVV6ǏU_LٚbɪB<F\e:+W^7Ϝa%b	bsd1B8Y.-&pX$uE}/jlRnAըl]i;I_qu%IAA{ws@
Z׎OikTRBm<G/xZ"K{w6%/#v\'qS.grlV;Y`0o
X-Z.w`7qT\/J!Ue;Ly!u95}dw9D˽Y {P"Q-{03)es-E	b,:q!"^6`iqu)[Kl{:bO5We.k/*x%տ]\jIQ1[}]&eP^y   process3ȜS        B   aV+oL@_ؘrRH}#L3ٶ]Wh2H'X扰t/Grڔlyi-X@3uJ"Qg+zh`s$߄ŀW#+m' y-b	JM:bCNQ1*L*RL$	c{tѮz:IRpu	2-vVPhwRr(rݿUxׯL*ה,Qep+Z廱A4e| ZkDѭqZbGSۚ.焄'+gŅiz!hX Uw8h|+?.8
ݍin.-~E:k3b#U[^e<@@K4XR n*Iu.vCnĢFYڝXXкԾ%	P
*{F[!8hwdxD:[sXI__9k}H3ڗ!`#0#QY\НtK=   process1Ȝ"   D     B   ]$rㅚ|8mM߄X,$ng!!
mTY뷀,7"9148EN|χ%$5)$Msy6Tg6#>G&)n^ b%S=qج7Uk1=8m$2Tu`2Z^^}$Webkԃaˣ+lF=+MKcA?8 Foc5CLEL'=4r`qY^Coa3VPA,b K`Za}f|)iZa:v:(^POqJےx[
 usZR4$Tt8Li'+h<X8յMAD[IPV>3	 v\<t`d[(3:Gшq>$D.ٲs
)p1pa)-HW(߽P@8T`̻I߶1ΆމЧeSd   process2Ȝ7   n     \B   e
D@S;^i!R7<dO$˛YS3`8ݻ<J2fFϺQ2"|SZ4
)C<u	΃5O̔h ~Ɋ04+kigy);+ hI$Ps/jOl?iwm2xHsv2U-p=lkZC(2VS@Ʊu}}JۈuW|+6!{-n[ddR7\?^xm"=d=.iǗ7(F
tޘoI2?qOP;e+4In28C,|&ڡWUmhkPr^u  qM4EA+g״r,O:=b$
ADOإ{cY~º<%4ڥ	Rw=>qa?jI?p^ho\f,eo^ˑq   process3ȜT        B   4[}65cj}4U$N15ͼ+c.  Ԗ	 m
+PǾ?΀t>[vb=%\|0C眔ڧe0;OF0SMf6«wUHe,$fP,J=,&#R$oD՛<,BXSu$.l>@)k-cNb$Xz_icF\@wS׃Ľ<3ov<F<Gk;0m3-Q09ȍ|4w|}%ԟSm
,A0~F4qS.gBYAI==OIiݿ~6Pqpc-Bpސ'6,n34:+0M jRl&~	P3
ҳn]7v1[ּ.JMOpЭ{X+l?cl	TSk>%fU sLQ{-)vl9   process1Ȝ8   p     `B   n^a@)1e+14RAZ8}!@y@U2Å,`D^V#KJFv%z8}Gl	 s@`=\.zjզKq'L'bz@Ⴅ+ejr锹Y'dg!z&PN;$Bm؞ 'ĬZ[":t9,3{1HX1>[~(B?q"s7+gb6?G)T܀Mb:^[ZnbYŜ/AXL:My>RP+2V@8NnFU5o|xF(ISk%Ԟ/<?Ieu "g[iB^.6ҌOr/k\Ż|ݩ\.g=! D_:>,g="/C^;p H,3o)Q`K_Q6Bc=-C#)c)   process3ȜU        B   q6Km\f83@#·wJXR
[RY[8@j1Nwrޗ3c&2̸s)cH:rs*댎	njau]Pn`<U۔uSJrB{$6a]nk4!ChA:}Q8 P9V՞V#C fc:׾&[g溭@$Agw> GXW2cɞ?eB{[i;(20Yyi%o1gWq/ސ{h,Gw;ڑyq#2ݑ-LԥhΌ@1U,V؃Wr֝8+tWgvQkQ>UݱUWdnsp8,8	`QݦN.IPdJ`Ϩ~z!9JrX|]A_5+|̢V>]qTEsr@!Ya <Ex4;nM#   process1Ȝ#   F     B   )/ "cR?袐ly2%Iײy])K[Uk^J]zmlYqQwe`'Aռy+ep 7
@B!35re7G3*U|cRg8AHѪ{R6i*eAj{4bh0EPT:KWr.5[&t!wk|e8E~V@ԥ$T7i,NLh.t.mP@g82%o69^tyFf(jnja` rh"8cQtqvYҸ/{k1GCJ"g%uvl踁TX=h	ʄ~ZGo&g|RBNk_5bNвRKVf< 	PZܬ领=a۰բ~<h7-z7󋓴1~7IdSIY̼ l!   process2ȜV        B   H6vd#]j~Ԕ+F:r7qN ]X+CjOXŦ2xPˢU2>\t_jƈ~o3kUEWB*kl	U$U+[F%Y."&\k\TD$>~` 5
yp궙JLP&}4!:DbM~&Zʈ~=hWeH̄B)xնHw<6o(ǔǯq|d1;N	؎N,b*hȡ1SjV$;kdo

'INhOЁ53bM'ѱqrٙ&/OWʈx74j&"O9'uZJSt/7ڸK42Ю<41axOEuuwnT@="vdNPQjD)nמ^2*<%wșr   process1Ȝ9   r     dB   其i-(ܕK.]oP*3$G^Mh{,o?Dnf{LY{9jQ>c;fI~2`Ve/ty~ Z"kn_ݬO_"NoKKJZ!V0{7^kZ*Ésԟo(Inƞ)Wd ٗ}'MԄv"zJߓCEHu- x!p:,9wTk&⇢t';sݷk/Ud<򈅚^Y.UARjCħ+&ȶ9{[Z"p >٩p'ydUc/߆H|[5:O.f"7l:+ea˕]XyJUSMY|:I* H	噜063w"z,yJT
-Ô1M[%&u$D.yfUK㬮'luIQ<X·= G\%ږ   process3ȜW        B   ':}j ;Y-QuY~B>;)קl,
	f=*Oai : >{3XFt8VIo`lIxu4z*I<LyPIv$bq'rΈg|d*">,;.6z]ͼuEzD	A

_H)=Mm)Hyoz=U8ɡ"䬈QIP;'Rް]~>D%}iL;/~^H,/TX	Rgd~W,UqӿiSDv1?2<1MzޟI~q)#KNQe 6=rߴjX[ІԦsD$8+9ܓ.)Z#3k~Sh>L\|AiQu6@TkO-G`}2VVaZ.E7f,Ki)[wϢQ:iACƏYFVW7"[|   process1ȜX        B   jck懦8^ tyQCb5J3ѢoFA1M΋qǩZlsBUL}ex$دXEY& 9a0Q[G.'k0㾖dK,+{NmK\Z8 -Cm l&\Q9VRsƹM@J8q4!_2RdMMltD{lOA=z]}N2볶ˇa{ظ۠?olcy|n4'TgB*B C8!aMt&Nl/w&\U{#v9gurڄ]Ɏ+-d-f_PwTi|'Ko mwύXItw#5yҷ\\?&AUYב`e,&"yC|fu(IsGfڑ<ցu.عVC)0Qd#nB}BfNoYxbgZDAi   process1Ȝ:   t     hB   YH\&[ƭߒ\P%*1A	u/SuA`6X?~S>c_j]r~(ji&|dD4_fft^x15u
O_$umy8(/vS`l[g&O 4UC`mLSψ!z0?%#H:Nɘ7>n3xLt/اȮ=8l[5Y)`#xoO_TJZ4i"=sN/nϳ~gPܐY{-#O\^؇EYlInwSp4A!Z΢%PbIoI.?Z|1g[eaL^\2iш8p\E{j0ҾzzmSu@WZLox[GQ9){7o2w;
ڸ rгَè".kgck͋   process3Ȝ$   H     B   PM
;F  B݊AqM*RS<3>X:tz6x~Fm>@~У;ɒ}ѯaf4>	A,D)7QpJQ;JY06l"|AT3J~7A(Fצ3.z\\L#*mQwh) [	ڂt(jaqp-gyI_C8-~&Ej4Cڬحѹ-=%pc& -.Vٹac;<;2ȜIWPm٬Vvcv囈 TR@-1m2	XyWnd]E* ϫs/	 ;W//\m~{oQZf%3yNW(r-^IC1}gyskio׉kLcZGG*L'ctDs*0/R1*i`n,΄$7T"L$ʣYW&AT,z/@ ]Y   process2ȜY        B   
,$"\_IɻE]\۶,rl
itnYAes1LAK+ 0	ll|!m]٬*(&-ZM_2jQܝp+e<kUnc&iIT6zmkdXW5oqpy^bNdrqobP-aDo.M1"
hJN*1N*zV'n%:Ob/9}a0	]"\ܗ]KRnʼXzKܤF:8r)߫Xw˙0YGu9|)|vU2p)ȷjRY6树JMY̏"0C%2KP ʕGE$BjYr|XFe{l+ح9b|Z?OTQю/pCot/l0u[ݢ96T
啚)&7$RzT30   process1Ȝ;   v     lB   an$MYIѵx=;[DX&8>RӇom=8Ep݁&!ӄWt(HAdJ`qn3هŀI
X ;͠!_	̴ d\儗Q KPEc(nΕXllx帍A2Yhǆr{6ėnѥj`*r?uCSUkES{¯T3J1xA'_%co3Lҋ5}B 
vz+{u'>M+S@m-_4S ]Z.Ӱ<gPnw~hekkK[ڳp6ƫ\y;aPzuO5}.Bn'^<HF)}xBv;K*	m>	td#>//nӼJ[#_ mdG
GmY9-e=:D޵ƐJA-vmm5x7.sEK   process3ȜZ        B   )MAtrFVhAX>2? qiYh .͒gC?a<>EqX$l;v|Խ9HAFc>>Y
~|_/h;Gf8#RxxXБ{UE@.gdx*<*QuS9+ً!`DqH393ym4g'yᴕbچ=)?xkϪbrFǅCTC7d\4J,Uo1U/n bF 쎂sўj=OtvWEw~C\&\Ն=RsA=EA(-#)ss$0Aeˍ`8G,pS~^KuC36qӅ7* I'>so&phXE2Ԕf%tp~Ng7F]13r
! 'vP!Afz{KF.G   process1Ȝ%   J     B   6VM3Do27пdf,tЩw-;Wۉ@2DsPfCh$x%9hɛ_l=?[gȤ܁"O}fwr~ra[#"9AŁ<wW`ܷSa(I6*(#DH{B-\؀&HdcnچHI31B .@kr "K˦8K7j?zz=$I61٭YRsE23t}um'-mBp	 pm{_<X3Lf(VTԧР(L1]E4j.HE]
b6vU}T^ 'zƮ,iԼYUaH Y#J1S1}pxl_Bxk[efWH="gǇxlP^pMGS-&d\-ehLYp[2tT   process2Ȝ[        B   Wp#TH hxFכDĳyH#5XњuMﶬUlIp8@MD_M^6
&]!4Z?m}p*@8>%t@	ف?h՟G\#\.JaR@š6β:#s#-hJqև9-sбw4؉&;b-7V7fu4qԭ4SH͈5nY\!jmCUԷ>_X^<e0"gR	lի8zR7hT:-$ف5{sY*Nȩ-ɺ霜4 ƊbBI&vn9sӀfO[lg9..XTo6	7
P٭9ثoj3mqQ,ZߢֹX}~,e(!r#aݩ6kRxԶX/R.16lǣP/&k;u֢uJNY_,JxniIM(7YJ   process1Ȝ<   x     pB   S/Gˆ9jBΕ)>Rk4Qh!^PzwĠk$hZxR4Aj3Dp,xYO`@I/U4sj_0̀}-}昆p|J-g^ʄᥳpPְ4x:-l<= %%'<HOT̨tWMF t`0J*7u@sҐ"'+juBy#VÁ~fCl5j\&͌.&MBk񎞘= 5E_vλU	9d]ō5҈i,yZ4^1Pᘕ<b&W7$V+5ٴdB4^ӔyƐ)EYWy;FS B7
Hl{yV {sSjRYm)@e#͙ڈ-}Ux/N9   process3Ȝ\        B   ")^J@جZuiL
V
%@=rFJx%gQ$ H',Ik->xJu}	{5dIZMdT`}Kz$hM({&]{ΜbZMfV8R%es}i%zᚶ=xu1-cYɬY3cwd6aU
^W7a8;jJAi@C0cO25WĤ%φ$6ư5}yydэA!{zBH_5{w8oijqJ}&ef)v6JJqtרu&UYC%D]uAҷy|=-U9GJY( Lxg$P$W
dWy~57<%4Es   process1Ȝ=   z     tB   tMys-#\@bBٴ_ %)gcnn>G>s7K{Xī<h]ZeBZ 	?ěW˙wP;E+ox6Al#%vJ,L0hbyJnsJ;F{D _U5|*jG:d^<Ĉ'6G?	Pevd@]/X.t"NeuY{RbiYllݢp=߆GE]gғ b˻3/al1^FS[o9u>Om\D1s_:Ips-ЫQFf!.L}-+e{x3@ @O:LG7vEPLq{J+=[{*^I9,eTA*Y2͏ZVdvȲl g[M=7NW/)%   process3Ȝ]        B   Rh~oz@͵Fm	|/<"dUR"X̙Lܯ[~/Z_3bH4!GMu.͸ט++ȕv@]u;4)	Kkts}-sK\r4Z$]&10řVͷSyL[nFmԐV8j7n?bXZAmrF+3੒܌4uL>uH٨	$68g)~hdYB R]}ۖBD]EfS&1

5W#OD6ӗ[LN]
u{d4-nM2$Z+C񣘂mVd;?(8d
n
wRU:)+?	L&J؀Á>WB?-!3y#Ȏ)ID4ra?p[-x   process1Ȝ&   L     B   ώw>	.s>U`,#FCjz	 !޳H5f4Q,HKgO)AC	8 ڎ}<a:7x$ĚkeۑQ}G*ɱ;lXgAF- BnF:{`Wd{- sæPYzl*^~N !ʛ/7+aN^<m,`œW[Vx.r8dd.Xn< :yϒ7Tub\z@S$J$4$wlXù2TrdL9c=Knkp&[VȼAF++qT`
D:i"QV
F[/T[	)YjqHm$;c`4&F Q0|m#j7X&P,L$^ k(IuE:heA 840̥-aNRQL   process2Ȝ>   |     xB   B䕯X|sJjJh? Ác]ߺX)=w^:UkxA+!%9)ms %+uzlV)]FViH@ض	)P%N
WMǓ$1lͳL=@Wԣ/QdK5aՌ&xO^&9- ~,R5W:19;ÑֿnmZ	-}i/!y<:wM
'\T.^ċ4F̐63#{<BQkPܲjevG(, 4G%O4O&tکgV;p2>̰(YRR4)-ӴQA|XAqH/r/򒹢r޸-4ZYSSD'H<C"qx),UL攴RdATE3Go&oa>֥r(9q߷7t&#$RQ5=   process3Ȝ^        B   6DgsYv8(X|Y5U'rjprѕ'>3f@+6^0O9 6.:+,%(XIv4?4M	MO9^'wZ{\`(j+1D.wy%	wsEbjλ:HPgY/>^4oqg[oF0_; |:N(,FB('݄zYjwV9` FWEۼ??P?rJ!Ou.ʊ!
8HϬey)v7s+@3zt!jQiwKa	6!=Il}RM@MQ+sv9R@nTswniBm{m;$;oˬʾh~p[*,'R]wDS֊Gg 
&;	9JFU 6):wV}>(--[B$e~Z   process1Ȝ_        B   
qTZCAZu0|gzP9tk;P4g]qI&ast9 .ǽڌ:Z@ZgScb##hQ;uuxe^5R@,TEh)mwfs#ilx$<^ŉ?l[~\u֬J#E<US$k@	5Jܣᷖ^vr@mXz]5U#
r{1~Y&^AVtbPgL !'/qmxbqp\5	
H0@qҰ\Xޏ|F/<{ߛw.Lk)Zb#ٽ*\8&<W&毉Ꞟ/gbky>3O}Uz䵬^Sgt$ől)u\5pkq➁=!qQMJD% u+^xSzh*]   process1Ȝ?   ~     |B   BoAܟ/ޯ: aV
!rZnAq4XzBvzitDdq3(m"5V?*XѺB.#4~{E',Z2F2ʔ|>A
v>@J&l2~@m~P0SmuP0d;fŀ9~ӾzP^VG%;}lv+SK_|v=3N	_H>:M{7E]<ΚD7)cAe6\$>PL%ϛohe	:_+L{򴴠\})r-e"pIH5eֱ8=~ȞqEijlV"6 ptڤGմ}cs)4h']tEy=\FU݄;_xiFu	K2&)%|Pmc֯Jw@3z=Dci*
*5zta"`NL>/yuQgu   process3Ȝ'   N     B   %IƬy͒XVPɁN<Y|Mw9g0`emSzvL=113%K1<sAf#1$n+Ic2In3gvR suQ{#lFvKCNNd+"uPH!*kݟXR=p3DR	Ly3*%*Ef#B6j1|fc*Jt̏r6!̿;G^'3Zmj)ǲ뼴Mu2j.q4#:X=Zp&S-⌅Ee(9^E^!gl,DX*#G2`̓FR3kܡg!>Gܢnj*s);E~,3pJH6[#iS@:}x^(uw棛 8]%X|W7Sg

K mWߏ(O=*\krr   process2Ȝ`        B   J+%?Ҽj8
b\FS$iLa=Գ1;D!+^|WB
?'d)V0
R6W8w#K'1"K@:EPD8%y.V8WI	(sgoCL1,q,Ui$5uj$s!a;7Zu(q8GzY,o#_ye#JOT) زvƶ B(5HAOYi^l#gUPGCy']a5c$nhˆM P
e*	7
^;HA]r`p5ge t*HQ>nVm;gՠwrp썿͘S*Jx1'mzl(-]_{*/ZqQ;YU=lISV+%lmQla,*Y6s`A$i ^)\t7Lgc+zH   process1Ȝa        B   Qoh$X:[8fO5"&9X[]]Ydd1_m/1g!rIl8hes+Aҭ b2zidf%~czc/eT v
E#!r4aY|J,S)܌`Ii!ӞeSЍCgEBp Dc'Y%%_J-DgaG8Kr^hSintE^@}Uؘ
K߫G+^TTxmwO	F1r/!;TSәk{=K}Qs&PR<-0g5ۗ@h8dw;=(Y5nrqDŸ(n֡	cB[5h}3HSJX_@1.b;GbB*G+
;)>,z(nn
1-iV;6lyqtZltXSC\h~g5@e;Vq%ArU~j N   process1Ȝ@        B   3]o-$C~yDK8I!],9<|i+5QD0G	B-U-<{	ӌ72%7YW|ubZx?n# m5pvoV`%_{ nbSx&uGRz4K6}^_:YRe?1{$	@,F7)|cSjm!)0hgub)WUm/XD-W7Q-8:\yo<ȆQԢ%yig\lT*u:{Րۦ%C`1x(8Ӑ#AfNI2V3a(ճ,qik6@\]r3m3'JD"|RDM;X)V%n#?p0 ͕Yd+|OÆMәlJD6	{di40   process3Ȝb        B   /FX
n8B9VJ
ٻ9dCg}8[~1A1wOɯJwiiA=,y{<R%ƹcь/ۗ{iϨ]%:Ie
85!LN%$w!L2?/Q[UlO
<.>17̕h I-\Mvť_^kbDq!5DܝE
^݇<HsC0L' R}FʔL0lg:FoRw2_=Q+A0'%/KYs/jIR9]V0c}بJ,6XK#bQKzd$1xy}n-&s軲*赧3Ϲ1ґ^/O2 U6:5_Ju.mUL@eh|ka1*5ž<.썯C8*3H	p (sAꗅF12P{1@6aYpr   process1Ȝ(   P      B   jQC'tD=lOHhAxwuR&H&/Fw C\)q7jqֱ}=5ľkVWZQ!v$1	 zh̜i.S@5(ɛTǌ.9Xh4<Ŵ^7Pki`Ch@^ǺWˀ\az]^jǮ56Gy34I
℅?^Nī^%M
dlL%ks[}qZ'a"I ٹaxFE-BղzĦWF8W[n̓Κ@SwzF'aq>3Zs3Z9=PѥzLzeoM_Fd,iB] mS GupȓKle6{3ZwOv8G1Ѹ\5[udD*mP`OƻPQ]>\hҫ g !   process2